
===========================================================================
 report_power
============================================================================
======================= Fastest Corner ===================================

Group                  Internal  Switching    Leakage      Total
                          Power      Power      Power      Power (Watts)
----------------------------------------------------------------
Sequential             1.51e-04   0.00e+00   3.01e-08   1.51e-04  43.5%
Combinational          2.91e-06   1.41e-05   9.95e-10   1.70e-05   4.9%
Clock                  1.07e-04   7.27e-05   1.12e-09   1.79e-04  51.6%
Macro                  0.00e+00   0.00e+00   0.00e+00   0.00e+00   0.0%
Pad                    0.00e+00   0.00e+00   0.00e+00   0.00e+00   0.0%
----------------------------------------------------------------
Total                  2.60e-04   8.68e-05   3.22e-08   3.47e-04 100.0%
                          75.0%      25.0%       0.0%

======================= Slowest Corner ===================================

Group                  Internal  Switching    Leakage      Total
                          Power      Power      Power      Power (Watts)
----------------------------------------------------------------
Sequential             9.94e-05   0.00e+00   6.12e-07   1.00e-04  42.4%
Combinational          1.92e-06   9.47e-06   7.68e-07   1.22e-05   5.2%
Clock                  7.63e-05   4.74e-05   1.11e-07   1.24e-04  52.5%
Macro                  0.00e+00   0.00e+00   0.00e+00   0.00e+00   0.0%
Pad                    0.00e+00   0.00e+00   0.00e+00   0.00e+00   0.0%
----------------------------------------------------------------
Total                  1.78e-04   5.69e-05   1.49e-06   2.36e-04 100.0%
                          75.3%      24.1%       0.6%

======================= Typical Corner ===================================

Group                  Internal  Switching    Leakage      Total
                          Power      Power      Power      Power (Watts)
----------------------------------------------------------------
Sequential             1.29e-04   0.00e+00   2.97e-08   1.29e-04  43.4%
Combinational          2.36e-06   1.21e-05   6.79e-10   1.44e-05   4.8%
Clock                  9.32e-05   6.10e-05   8.46e-10   1.54e-04  51.7%
Macro                  0.00e+00   0.00e+00   0.00e+00   0.00e+00   0.0%
Pad                    0.00e+00   0.00e+00   0.00e+00   0.00e+00   0.0%
----------------------------------------------------------------
Total                  2.25e-04   7.31e-05   3.12e-08   2.98e-04 100.0%
                          75.5%      24.5%       0.0%

