
===========================================================================
report_checks -unconstrained
===========================================================================
======================= Typical Corner ===================================

Startpoint: A[5] (input port clocked by __VIRTUAL_CLK__)
Endpoint: out[7] (output port clocked by __VIRTUAL_CLK__)
Path Group: __VIRTUAL_CLK__
Path Type: max

Fanout     Cap    Slew   Delay    Time   Description
-----------------------------------------------------------------------------
                  0.00    0.00    0.00   clock __VIRTUAL_CLK__ (rise edge)
                          0.00    0.00   clock network delay (ideal)
                          2.00    2.00 ^ input external delay
     3    0.01    0.04    0.03    2.03 ^ A[5] (in)
                                         A[5] (net)
                  0.04    0.00    2.03 ^ _354_/A (sky130_fd_sc_hd__buf_1)
    10    0.04    0.43    0.36    2.39 ^ _354_/X (sky130_fd_sc_hd__buf_1)
                                         _046_ (net)
                  0.43    0.00    2.39 ^ _402_/C (sky130_fd_sc_hd__nand4_2)
     3    0.01    0.16    0.20    2.59 v _402_/Y (sky130_fd_sc_hd__nand4_2)
                                         _093_ (net)
                  0.16    0.00    2.59 v _404_/B1 (sky130_fd_sc_hd__a22o_2)
     2    0.01    0.05    0.27    2.87 v _404_/X (sky130_fd_sc_hd__a22o_2)
                                         _095_ (net)
                  0.05    0.00    2.87 v _408_/A1 (sky130_fd_sc_hd__a21o_2)
     2    0.01    0.04    0.21    3.07 v _408_/X (sky130_fd_sc_hd__a21o_2)
                                         _099_ (net)
                  0.04    0.00    3.07 v _414_/A2 (sky130_fd_sc_hd__a21o_2)
     2    0.01    0.04    0.23    3.30 v _414_/X (sky130_fd_sc_hd__a21o_2)
                                         _105_ (net)
                  0.04    0.00    3.30 v _418_/A1 (sky130_fd_sc_hd__a21o_2)
     2    0.01    0.04    0.20    3.50 v _418_/X (sky130_fd_sc_hd__a21o_2)
                                         _109_ (net)
                  0.04    0.00    3.50 v _419_/C (sky130_fd_sc_hd__and3_2)
     3    0.01    0.06    0.24    3.74 v _419_/X (sky130_fd_sc_hd__and3_2)
                                         _110_ (net)
                  0.06    0.00    3.74 v _421_/B1 (sky130_fd_sc_hd__a211o_2)
     3    0.01    0.07    0.36    4.10 v _421_/X (sky130_fd_sc_hd__a211o_2)
                                         _112_ (net)
                  0.07    0.00    4.10 v _424_/A1 (sky130_fd_sc_hd__a21bo_2)
     2    0.00    0.04    0.21    4.31 v _424_/X (sky130_fd_sc_hd__a21bo_2)
                                         _115_ (net)
                  0.04    0.00    4.31 v _441_/A2 (sky130_fd_sc_hd__a21o_2)
     2    0.01    0.04    0.22    4.53 v _441_/X (sky130_fd_sc_hd__a21o_2)
                                         _131_ (net)
                  0.04    0.00    4.53 v _470_/A1 (sky130_fd_sc_hd__o21a_2)
     1    0.00    0.03    0.21    4.74 v _470_/X (sky130_fd_sc_hd__o21a_2)
                                         _160_ (net)
                  0.03    0.00    4.74 v _474_/A2 (sky130_fd_sc_hd__a21o_2)
     1    0.00    0.03    0.20    4.95 v _474_/X (sky130_fd_sc_hd__a21o_2)
                                         _164_ (net)
                  0.03    0.00    4.95 v _475_/B1 (sky130_fd_sc_hd__a21o_2)
     1    0.03    0.10    0.27    5.22 v _475_/X (sky130_fd_sc_hd__a21o_2)
                                         out[7] (net)
                  0.10    0.00    5.22 v out[7] (out)
                                  5.22   data arrival time

                  0.00   10.00   10.00   clock __VIRTUAL_CLK__ (rise edge)
                          0.00   10.00   clock network delay (ideal)
                         -0.25    9.75   clock uncertainty
                          0.00    9.75   clock reconvergence pessimism
                         -2.00    7.75   output external delay
                                  7.75   data required time
-----------------------------------------------------------------------------
                                  7.75   data required time
                                 -5.22   data arrival time
-----------------------------------------------------------------------------
                                  2.53   slack (MET)




===========================================================================
report_checks --slack_max -0.01
============================================================================
======================= Typical Corner ===================================

No paths found.


===========================================================================
 report_check_types -max_slew -max_cap -max_fanout -violators
============================================================================
======================= Typical Corner ===================================


max slew violations count Typical: 0
max fanout violations count Typical: 0
max cap violations count Typical: 0

===========================================================================
report_parasitic_annotation -report_unannotated
============================================================================
Found 261 unannotated drivers.
 A[0]
 A[1]
 A[2]
 A[3]
 A[4]
 A[5]
 A[6]
 A[7]
 B[0]
 B[1]
 B[2]
 B[3]
 B[4]
 B[5]
 B[6]
 B[7]
 opcode[0]
 opcode[1]
 opcode[2]
 _234_/X
 _235_/X
 _236_/X
 _237_/X
 _238_/X
 _239_/Y
 _240_/X
 _241_/X
 _242_/Y
 _243_/Y
 _244_/X
 _245_/X
 _246_/X
 _247_/X
 _248_/X
 _249_/Y
 _250_/X
 _251_/X
 _252_/X
 _253_/Y
 _254_/X
 _255_/X
 _256_/Y
 _257_/Y
 _258_/X
 _259_/X
 _260_/X
 _261_/Y
 _262_/X
 _263_/Y
 _264_/X
 _265_/X
 _266_/X
 _267_/X
 _268_/X
 _269_/X
 _270_/X
 _271_/X
 _272_/X
 _273_/X
 _274_/X
 _275_/X
 _276_/Y
 _277_/X
 _278_/Y
 _279_/X
 _280_/Y
 _281_/X
 _282_/Y
 _283_/X
 _284_/Y
 _285_/X
 _286_/Y
 _287_/X
 _288_/Y
 _289_/Y
 _290_/X
 _291_/X
 _292_/Y
 _293_/X
 _294_/Y
 _295_/X
 _296_/X
 _297_/Y
 _298_/Y
 _299_/Y
 _300_/Y
 _301_/Y
 _302_/X
 _303_/Y
 _304_/Y
 _305_/X
 _306_/Y
 _307_/X
 _308_/X
 _309_/Y
 _310_/X
 _311_/X
 _312_/Y
 _313_/Y
 _314_/X
 _315_/Y
 _316_/Y
 _317_/X
 _318_/X
 _319_/X
 _320_/Y
 _321_/X
 _322_/X
 _323_/X
 _324_/X
 _325_/Y
 _326_/Y
 _327_/X
 _328_/X
 _329_/X
 _330_/Y
 _331_/X
 _332_/X
 _333_/Y
 _334_/X
 _335_/Y
 _336_/X
 _337_/X
 _338_/Y
 _339_/Y
 _340_/X
 _341_/Y
 _342_/Y
 _343_/Y
 _344_/X
 _345_/Y
 _346_/Y
 _347_/Y
 _348_/Y
 _349_/X
 _350_/Y
 _351_/X
 _352_/X
 _353_/X
 _354_/X
 _355_/Y
 _356_/X
 _357_/Y
 _358_/Y
 _359_/Y
 _360_/Y
 _361_/X
 _362_/X
 _363_/X
 _364_/Y
 _365_/X
 _366_/Y
 _367_/X
 _368_/Y
 _369_/X
 _370_/Y
 _371_/Y
 _372_/X
 _373_/X
 _374_/Y
 _375_/Y
 _376_/X
 _377_/Y
 _378_/X
 _379_/X
 _380_/Y
 _381_/X
 _382_/Y
 _383_/Y
 _384_/X
 _385_/X
 _386_/X
 _387_/Y
 _388_/X
 _389_/X
 _390_/Y
 _391_/Y
 _392_/X
 _393_/X
 _394_/Y
 _395_/X
 _396_/Y
 _397_/Y
 _398_/X
 _399_/X
 _400_/Y
 _401_/Y
 _402_/Y
 _403_/X
 _404_/X
 _405_/Y
 _406_/X
 _407_/Y
 _408_/X
 _409_/Y
 _410_/Y
 _411_/X
 _412_/Y
 _413_/Y
 _414_/X
 _415_/Y
 _416_/X
 _417_/Y
 _418_/X
 _419_/X
 _420_/Y
 _421_/X
 _422_/Y
 _423_/X
 _424_/X
 _425_/X
 _426_/Y
 _427_/X
 _428_/Y
 _429_/Y
 _430_/X
 _431_/X
 _432_/Y
 _433_/Y
 _434_/X
 _435_/Y
 _436_/X
 _437_/Y
 _438_/X
 _439_/Y
 _440_/Y
 _441_/X
 _442_/X
 _443_/Y
 _444_/Y
 _445_/Y
 _446_/Y
 _447_/X
 _448_/Y
 _449_/X
 _450_/Y
 _451_/X
 _452_/X
 _453_/X
 _454_/Y
 _455_/X
 _456_/X
 _457_/Y
 _458_/Y
 _459_/Y
 _460_/Y
 _461_/X
 _462_/Y
 _463_/Y
 _464_/Y
 _465_/Y
 _466_/X
 _467_/Y
 _468_/Y
 _469_/Y
 _470_/X
 _471_/Y
 _472_/X
 _473_/X
 _474_/X
 _475_/X
Found 0 partially unannotated drivers.

===========================================================================
max slew violation count 0
max fanout violation count 0
max cap violation count 0
============================================================================

===========================================================================
check_setup -verbose -unconstrained_endpoints -multiple_clock -no_clock -no_input_delay -loops -generated_clocks
===========================================================================
