
===========================================================================
report_checks -path_delay max (Setup)
============================================================================
======================= Fastest Corner ===================================

Startpoint: A[2] (input port clocked by __VIRTUAL_CLK__)
Endpoint: out[6] (output port clocked by __VIRTUAL_CLK__)
Path Group: __VIRTUAL_CLK__
Path Type: max
Corner: Fastest

Fanout     Cap    Slew   Delay    Time   Description
-----------------------------------------------------------------------------
                  0.00    0.00    0.00   clock __VIRTUAL_CLK__ (rise edge)
                          0.00    0.00   clock network delay (ideal)
                          2.00    2.00 ^ input external delay
     1    0.00    0.02    0.01    2.01 ^ A[2] (in)
                                         A[2] (net)
                  0.02    0.00    2.01 ^ input3/A (sky130_fd_sc_hd__clkbuf_4)
     6    0.07    0.15    0.18    2.18 ^ input3/X (sky130_fd_sc_hd__clkbuf_4)
                                         net3 (net)
                  0.15    0.00    2.19 ^ _275_/A (sky130_fd_sc_hd__buf_12)
    11    0.11    0.10    0.12    2.31 ^ _275_/X (sky130_fd_sc_hd__buf_12)
                                         _204_ (net)
                  0.10    0.01    2.32 ^ _411_/A (sky130_fd_sc_hd__and4_1)
     2    0.03    0.20    0.25    2.57 ^ _411_/X (sky130_fd_sc_hd__and4_1)
                                         _102_ (net)
                  0.20    0.00    2.58 ^ _412_/B (sky130_fd_sc_hd__nor2_2)
     2    0.03    0.08    0.08    2.66 v _412_/Y (sky130_fd_sc_hd__nor2_2)
                                         _103_ (net)
                  0.08    0.00    2.66 v _413_/B (sky130_fd_sc_hd__xnor2_2)
     2    0.01    0.17    0.17    2.83 ^ _413_/Y (sky130_fd_sc_hd__xnor2_2)
                                         _104_ (net)
                  0.17    0.00    2.83 ^ _414_/B1 (sky130_fd_sc_hd__a21o_1)
     2    0.05    0.31    0.26    3.09 ^ _414_/X (sky130_fd_sc_hd__a21o_1)
                                         _105_ (net)
                  0.31    0.01    3.10 ^ _417_/A (sky130_fd_sc_hd__nand3_2)
     3    0.05    0.21    0.21    3.31 v _417_/Y (sky130_fd_sc_hd__nand3_2)
                                         _108_ (net)
                  0.21    0.00    3.31 v _419_/B (sky130_fd_sc_hd__and3_4)
     3    0.03    0.05    0.22    3.54 v _419_/X (sky130_fd_sc_hd__and3_4)
                                         _110_ (net)
                  0.05    0.01    3.54 v _422_/A1 (sky130_fd_sc_hd__o211ai_2)
     2    0.03    0.28    0.27    3.81 ^ _422_/Y (sky130_fd_sc_hd__o211ai_2)
                                         _113_ (net)
                  0.28    0.00    3.81 ^ _423_/C (sky130_fd_sc_hd__and3b_1)
     2    0.03    0.24    0.28    4.09 ^ _423_/X (sky130_fd_sc_hd__and3b_1)
                                         _114_ (net)
                  0.24    0.00    4.09 ^ _425_/A_N (sky130_fd_sc_hd__and2b_1)
     2    0.02    0.08    0.18    4.27 v _425_/X (sky130_fd_sc_hd__and2b_1)
                                         _116_ (net)
                  0.08    0.00    4.27 v _427_/A2 (sky130_fd_sc_hd__o21a_1)
     1    0.03    0.09    0.19    4.47 v _427_/X (sky130_fd_sc_hd__o21a_1)
                                         _118_ (net)
                  0.09    0.00    4.47 v _432_/A1 (sky130_fd_sc_hd__a21oi_2)
     1    0.02    0.19    0.20    4.67 ^ _432_/Y (sky130_fd_sc_hd__a21oi_2)
                                         _123_ (net)
                  0.19    0.00    4.68 ^ _433_/B1 (sky130_fd_sc_hd__o21ai_2)
     1    0.02    0.08    0.07    4.75 v _433_/Y (sky130_fd_sc_hd__o21ai_2)
                                         net26 (net)
                  0.08    0.00    4.75 v output26/A (sky130_fd_sc_hd__buf_4)
     1    0.03    0.04    0.14    4.89 v output26/X (sky130_fd_sc_hd__buf_4)
                                         out[6] (net)
                  0.04    0.00    4.89 v out[6] (out)
                                  4.89   data arrival time

                  0.00   10.00   10.00   clock __VIRTUAL_CLK__ (rise edge)
                          0.00   10.00   clock network delay (ideal)
                         -0.25    9.75   clock uncertainty
                          0.00    9.75   clock reconvergence pessimism
                         -2.00    7.75   output external delay
                                  7.75   data required time
-----------------------------------------------------------------------------
                                  7.75   data required time
                                 -4.89   data arrival time
-----------------------------------------------------------------------------
                                  2.86   slack (MET)


Startpoint: A[3] (input port clocked by __VIRTUAL_CLK__)
Endpoint: out[7] (output port clocked by __VIRTUAL_CLK__)
Path Group: __VIRTUAL_CLK__
Path Type: max
Corner: Fastest

Fanout     Cap    Slew   Delay    Time   Description
-----------------------------------------------------------------------------
                  0.00    0.00    0.00   clock __VIRTUAL_CLK__ (rise edge)
                          0.00    0.00   clock network delay (ideal)
                          2.00    2.00 ^ input external delay
     1    0.00    0.02    0.01    2.01 ^ A[3] (in)
                                         A[3] (net)
                  0.02    0.00    2.01 ^ input4/A (sky130_fd_sc_hd__clkbuf_4)
     6    0.07    0.17    0.19    2.20 ^ input4/X (sky130_fd_sc_hd__clkbuf_4)
                                         net4 (net)
                  0.17    0.01    2.20 ^ _296_/A (sky130_fd_sc_hd__buf_6)
    10    0.08    0.13    0.15    2.36 ^ _296_/X (sky130_fd_sc_hd__buf_6)
                                         _224_ (net)
                  0.13    0.01    2.37 ^ _410_/A1 (sky130_fd_sc_hd__a22oi_1)
     1    0.01    0.09    0.10    2.47 v _410_/Y (sky130_fd_sc_hd__a22oi_1)
                                         _101_ (net)
                  0.09    0.00    2.47 v _412_/A (sky130_fd_sc_hd__nor2_2)
     2    0.03    0.24    0.24    2.70 ^ _412_/Y (sky130_fd_sc_hd__nor2_2)
                                         _103_ (net)
                  0.24    0.00    2.71 ^ _455_/A3 (sky130_fd_sc_hd__a31o_1)
     1    0.02    0.11    0.17    2.87 ^ _455_/X (sky130_fd_sc_hd__a31o_1)
                                         _145_ (net)
                  0.11    0.00    2.87 ^ _456_/B (sky130_fd_sc_hd__xor2_1)
     1    0.02    0.28    0.25    3.12 ^ _456_/X (sky130_fd_sc_hd__xor2_1)
                                         _146_ (net)
                  0.28    0.00    3.13 ^ _464_/A (sky130_fd_sc_hd__xnor2_1)
     1    0.01    0.08    0.09    3.22 v _464_/Y (sky130_fd_sc_hd__xnor2_1)
                                         _154_ (net)
                  0.08    0.00    3.22 v _465_/B (sky130_fd_sc_hd__xnor2_2)
     1    0.04    0.39    0.34    3.56 ^ _465_/Y (sky130_fd_sc_hd__xnor2_2)
                                         _155_ (net)
                  0.39    0.01    3.56 ^ _466_/B (sky130_fd_sc_hd__xor2_2)
     1    0.03    0.15    0.14    3.71 v _466_/X (sky130_fd_sc_hd__xor2_2)
                                         _156_ (net)
                  0.15    0.00    3.71 v _467_/B (sky130_fd_sc_hd__xnor2_1)
     1    0.03    0.43    0.40    4.12 ^ _467_/Y (sky130_fd_sc_hd__xnor2_1)
                                         _157_ (net)
                  0.43    0.00    4.12 ^ _468_/B (sky130_fd_sc_hd__xnor2_2)
     2    0.02    0.21    0.11    4.23 ^ _468_/Y (sky130_fd_sc_hd__xnor2_2)
                                         _158_ (net)
                  0.21    0.00    4.24 ^ _470_/A1 (sky130_fd_sc_hd__o21a_1)
     1    0.03    0.19    0.21    4.45 ^ _470_/X (sky130_fd_sc_hd__o21a_1)
                                         _160_ (net)
                  0.19    0.00    4.45 ^ _474_/A2 (sky130_fd_sc_hd__a21o_1)
     1    0.03    0.18    0.20    4.65 ^ _474_/X (sky130_fd_sc_hd__a21o_1)
                                         _164_ (net)
                  0.18    0.00    4.66 ^ _475_/B1 (sky130_fd_sc_hd__a21o_1)
     1    0.02    0.12    0.12    4.78 ^ _475_/X (sky130_fd_sc_hd__a21o_1)
                                         net27 (net)
                  0.12    0.00    4.78 ^ output27/A (sky130_fd_sc_hd__buf_6)
     1    0.03    0.06    0.11    4.89 ^ output27/X (sky130_fd_sc_hd__buf_6)
                                         out[7] (net)
                  0.06    0.00    4.89 ^ out[7] (out)
                                  4.89   data arrival time

                  0.00   10.00   10.00   clock __VIRTUAL_CLK__ (rise edge)
                          0.00   10.00   clock network delay (ideal)
                         -0.25    9.75   clock uncertainty
                          0.00    9.75   clock reconvergence pessimism
                         -2.00    7.75   output external delay
                                  7.75   data required time
-----------------------------------------------------------------------------
                                  7.75   data required time
                                 -4.89   data arrival time
-----------------------------------------------------------------------------
                                  2.86   slack (MET)


Startpoint: A[4] (input port clocked by __VIRTUAL_CLK__)
Endpoint: out[5] (output port clocked by __VIRTUAL_CLK__)
Path Group: __VIRTUAL_CLK__
Path Type: max
Corner: Fastest

Fanout     Cap    Slew   Delay    Time   Description
-----------------------------------------------------------------------------
                  0.00    0.00    0.00   clock __VIRTUAL_CLK__ (rise edge)
                          0.00    0.00   clock network delay (ideal)
                          2.00    2.00 ^ input external delay
     1    0.00    0.02    0.01    2.01 ^ A[4] (in)
                                         A[4] (net)
                  0.02    0.00    2.01 ^ input5/A (sky130_fd_sc_hd__buf_4)
     5    0.08    0.17    0.16    2.17 ^ input5/X (sky130_fd_sc_hd__buf_4)
                                         net5 (net)
                  0.17    0.02    2.19 ^ _322_/A (sky130_fd_sc_hd__buf_12)
     5    0.07    0.07    0.11    2.30 ^ _322_/X (sky130_fd_sc_hd__buf_12)
                                         _015_ (net)
                  0.08    0.01    2.32 ^ _335_/A (sky130_fd_sc_hd__nand4_4)
     3    0.06    0.18    0.15    2.46 v _335_/Y (sky130_fd_sc_hd__nand4_4)
                                         _028_ (net)
                  0.18    0.00    2.47 v _337_/A1 (sky130_fd_sc_hd__a21o_1)
     2    0.02    0.08    0.21    2.68 v _337_/X (sky130_fd_sc_hd__a21o_1)
                                         _030_ (net)
                  0.08    0.00    2.68 v _340_/B (sky130_fd_sc_hd__and3_1)
     2    0.03    0.11    0.20    2.88 v _340_/X (sky130_fd_sc_hd__and3_1)
                                         _033_ (net)
                  0.11    0.00    2.89 v _342_/A (sky130_fd_sc_hd__nor2_2)
     1    0.04    0.28    0.27    3.16 ^ _342_/Y (sky130_fd_sc_hd__nor2_2)
                                         _035_ (net)
                  0.28    0.01    3.16 ^ _343_/B (sky130_fd_sc_hd__xnor2_2)
     2    0.03    0.12    0.13    3.29 v _343_/Y (sky130_fd_sc_hd__xnor2_2)
                                         _036_ (net)
                  0.12    0.01    3.30 v _345_/C (sky130_fd_sc_hd__nor3_2)
     1    0.03    0.41    0.35    3.64 ^ _345_/Y (sky130_fd_sc_hd__nor3_2)
                                         _038_ (net)
                  0.41    0.00    3.65 ^ _346_/B (sky130_fd_sc_hd__nor2_2)
     3    0.04    0.13    0.10    3.75 v _346_/Y (sky130_fd_sc_hd__nor2_2)
                                         _039_ (net)
                  0.13    0.00    3.75 v _378_/D (sky130_fd_sc_hd__and4b_2)
     3    0.02    0.06    0.24    3.99 v _378_/X (sky130_fd_sc_hd__and4b_2)
                                         _070_ (net)
                  0.06    0.00    3.99 v _379_/B (sky130_fd_sc_hd__or3b_2)
     1    0.03    0.11    0.35    4.34 v _379_/X (sky130_fd_sc_hd__or3b_2)
                                         _071_ (net)
                  0.11    0.00    4.35 v _391_/B1 (sky130_fd_sc_hd__o211ai_2)
     1    0.03    0.29    0.16    4.51 ^ _391_/Y (sky130_fd_sc_hd__o211ai_2)
                                         net25 (net)
                  0.29    0.00    4.51 ^ output25/A (sky130_fd_sc_hd__buf_4)
     1    0.03    0.08    0.15    4.66 ^ output25/X (sky130_fd_sc_hd__buf_4)
                                         out[5] (net)
                  0.08    0.00    4.66 ^ out[5] (out)
                                  4.66   data arrival time

                  0.00   10.00   10.00   clock __VIRTUAL_CLK__ (rise edge)
                          0.00   10.00   clock network delay (ideal)
                         -0.25    9.75   clock uncertainty
                          0.00    9.75   clock reconvergence pessimism
                         -2.00    7.75   output external delay
                                  7.75   data required time
-----------------------------------------------------------------------------
                                  7.75   data required time
                                 -4.66   data arrival time
-----------------------------------------------------------------------------
                                  3.09   slack (MET)


Startpoint: A[3] (input port clocked by __VIRTUAL_CLK__)
Endpoint: out[4] (output port clocked by __VIRTUAL_CLK__)
Path Group: __VIRTUAL_CLK__
Path Type: max
Corner: Fastest

Fanout     Cap    Slew   Delay    Time   Description
-----------------------------------------------------------------------------
                  0.00    0.00    0.00   clock __VIRTUAL_CLK__ (rise edge)
                          0.00    0.00   clock network delay (ideal)
                          2.00    2.00 ^ input external delay
     1    0.00    0.02    0.01    2.01 ^ A[3] (in)
                                         A[3] (net)
                  0.02    0.00    2.01 ^ input4/A (sky130_fd_sc_hd__clkbuf_4)
     6    0.07    0.17    0.19    2.20 ^ input4/X (sky130_fd_sc_hd__clkbuf_4)
                                         net4 (net)
                  0.17    0.01    2.20 ^ _296_/A (sky130_fd_sc_hd__buf_6)
    10    0.08    0.13    0.15    2.36 ^ _296_/X (sky130_fd_sc_hd__buf_6)
                                         _224_ (net)
                  0.13    0.01    2.37 ^ _297_/B1 (sky130_fd_sc_hd__a22oi_4)
     2    0.05    0.09    0.09    2.46 v _297_/Y (sky130_fd_sc_hd__a22oi_4)
                                         _225_ (net)
                  0.09    0.00    2.46 v _298_/B (sky130_fd_sc_hd__nor2_2)
     1    0.05    0.39    0.34    2.80 ^ _298_/Y (sky130_fd_sc_hd__nor2_2)
                                         _226_ (net)
                  0.39    0.01    2.81 ^ _299_/A (sky130_fd_sc_hd__xnor2_2)
     2    0.03    0.14    0.14    2.95 v _299_/Y (sky130_fd_sc_hd__xnor2_2)
                                         _227_ (net)
                  0.14    0.00    2.95 v _301_/B (sky130_fd_sc_hd__xnor2_2)
     2    0.02    0.18    0.21    3.16 ^ _301_/Y (sky130_fd_sc_hd__xnor2_2)
                                         _229_ (net)
                  0.18    0.00    3.16 ^ rebuffer10/A (sky130_fd_sc_hd__clkbuf_2)
     1    0.02    0.08    0.13    3.29 ^ rebuffer10/X (sky130_fd_sc_hd__clkbuf_2)
                                         net38 (net)
                  0.08    0.00    3.29 ^ _303_/B1 (sky130_fd_sc_hd__a21oi_1)
     1    0.01    0.08    0.05    3.35 v _303_/Y (sky130_fd_sc_hd__a21oi_1)
                                         _231_ (net)
                  0.08    0.00    3.35 v _304_/A (sky130_fd_sc_hd__nor2_2)
     3    0.04    0.34    0.30    3.65 ^ _304_/Y (sky130_fd_sc_hd__nor2_2)
                                         _232_ (net)
                  0.34    0.01    3.66 ^ _306_/A (sky130_fd_sc_hd__nand2_2)
     3    0.04    0.17    0.15    3.81 v _306_/Y (sky130_fd_sc_hd__nand2_2)
                                         _000_ (net)
                  0.17    0.01    3.82 v _347_/A (sky130_fd_sc_hd__xnor2_1)
     1    0.02    0.29    0.32    4.14 ^ _347_/Y (sky130_fd_sc_hd__xnor2_1)
                                         _040_ (net)
                  0.29    0.00    4.14 ^ _352_/A2 (sky130_fd_sc_hd__a211o_1)
     1    0.01    0.07    0.13    4.27 ^ _352_/X (sky130_fd_sc_hd__a211o_1)
                                         _045_ (net)
                  0.07    0.00    4.27 ^ _353_/B1 (sky130_fd_sc_hd__a31o_1)
     1    0.01    0.08    0.09    4.36 ^ _353_/X (sky130_fd_sc_hd__a31o_1)
                                         net24 (net)
                  0.08    0.00    4.37 ^ output24/A (sky130_fd_sc_hd__buf_2)
     1    0.03    0.13    0.16    4.52 ^ output24/X (sky130_fd_sc_hd__buf_2)
                                         out[4] (net)
                  0.13    0.00    4.52 ^ out[4] (out)
                                  4.52   data arrival time

                  0.00   10.00   10.00   clock __VIRTUAL_CLK__ (rise edge)
                          0.00   10.00   clock network delay (ideal)
                         -0.25    9.75   clock uncertainty
                          0.00    9.75   clock reconvergence pessimism
                         -2.00    7.75   output external delay
                                  7.75   data required time
-----------------------------------------------------------------------------
                                  7.75   data required time
                                 -4.52   data arrival time
-----------------------------------------------------------------------------
                                  3.23   slack (MET)


Startpoint: A[3] (input port clocked by __VIRTUAL_CLK__)
Endpoint: out[3] (output port clocked by __VIRTUAL_CLK__)
Path Group: __VIRTUAL_CLK__
Path Type: max
Corner: Fastest

Fanout     Cap    Slew   Delay    Time   Description
-----------------------------------------------------------------------------
                  0.00    0.00    0.00   clock __VIRTUAL_CLK__ (rise edge)
                          0.00    0.00   clock network delay (ideal)
                          2.00    2.00 ^ input external delay
     1    0.00    0.02    0.01    2.01 ^ A[3] (in)
                                         A[3] (net)
                  0.02    0.00    2.01 ^ input4/A (sky130_fd_sc_hd__clkbuf_4)
     6    0.07    0.17    0.19    2.20 ^ input4/X (sky130_fd_sc_hd__clkbuf_4)
                                         net4 (net)
                  0.17    0.01    2.20 ^ _296_/A (sky130_fd_sc_hd__buf_6)
    10    0.08    0.13    0.15    2.36 ^ _296_/X (sky130_fd_sc_hd__buf_6)
                                         _224_ (net)
                  0.13    0.01    2.37 ^ _297_/B1 (sky130_fd_sc_hd__a22oi_4)
     2    0.05    0.09    0.09    2.46 v _297_/Y (sky130_fd_sc_hd__a22oi_4)
                                         _225_ (net)
                  0.09    0.00    2.46 v _298_/B (sky130_fd_sc_hd__nor2_2)
     1    0.05    0.39    0.34    2.80 ^ _298_/Y (sky130_fd_sc_hd__nor2_2)
                                         _226_ (net)
                  0.39    0.01    2.81 ^ _299_/A (sky130_fd_sc_hd__xnor2_2)
     2    0.03    0.14    0.14    2.95 v _299_/Y (sky130_fd_sc_hd__xnor2_2)
                                         _227_ (net)
                  0.14    0.00    2.95 v _301_/B (sky130_fd_sc_hd__xnor2_2)
     2    0.02    0.18    0.21    3.16 ^ _301_/Y (sky130_fd_sc_hd__xnor2_2)
                                         _229_ (net)
                  0.18    0.00    3.16 ^ rebuffer10/A (sky130_fd_sc_hd__clkbuf_2)
     1    0.02    0.08    0.13    3.29 ^ rebuffer10/X (sky130_fd_sc_hd__clkbuf_2)
                                         net38 (net)
                  0.08    0.00    3.29 ^ _303_/B1 (sky130_fd_sc_hd__a21oi_1)
     1    0.01    0.08    0.05    3.35 v _303_/Y (sky130_fd_sc_hd__a21oi_1)
                                         _231_ (net)
                  0.08    0.00    3.35 v _304_/A (sky130_fd_sc_hd__nor2_2)
     3    0.04    0.34    0.30    3.65 ^ _304_/Y (sky130_fd_sc_hd__nor2_2)
                                         _232_ (net)
                  0.34    0.01    3.66 ^ _306_/A (sky130_fd_sc_hd__nand2_2)
     3    0.04    0.17    0.15    3.81 v _306_/Y (sky130_fd_sc_hd__nand2_2)
                                         _000_ (net)
                  0.17    0.01    3.82 v _321_/A3 (sky130_fd_sc_hd__a31o_1)
     1    0.01    0.06    0.23    4.05 v _321_/X (sky130_fd_sc_hd__a31o_1)
                                         net23 (net)
                  0.06    0.00    4.05 v output23/A (sky130_fd_sc_hd__buf_2)
     1    0.03    0.06    0.14    4.19 v output23/X (sky130_fd_sc_hd__buf_2)
                                         out[3] (net)
                  0.06    0.00    4.19 v out[3] (out)
                                  4.19   data arrival time

                  0.00   10.00   10.00   clock __VIRTUAL_CLK__ (rise edge)
                          0.00   10.00   clock network delay (ideal)
                         -0.25    9.75   clock uncertainty
                          0.00    9.75   clock reconvergence pessimism
                         -2.00    7.75   output external delay
                                  7.75   data required time
-----------------------------------------------------------------------------
                                  7.75   data required time
                                 -4.19   data arrival time
-----------------------------------------------------------------------------
                                  3.56   slack (MET)


Startpoint: opcode[2] (input port clocked by __VIRTUAL_CLK__)
Endpoint: out[2] (output port clocked by __VIRTUAL_CLK__)
Path Group: __VIRTUAL_CLK__
Path Type: max
Corner: Fastest

Fanout     Cap    Slew   Delay    Time   Description
-----------------------------------------------------------------------------
                  0.00    0.00    0.00   clock __VIRTUAL_CLK__ (rise edge)
                          0.00    0.00   clock network delay (ideal)
                          2.00    2.00 v input external delay
     1    0.00    0.01    0.00    2.00 v opcode[2] (in)
                                         opcode[2] (net)
                  0.01    0.00    2.00 v input19/A (sky130_fd_sc_hd__clkbuf_4)
     9    0.07    0.11    0.15    2.16 v input19/X (sky130_fd_sc_hd__clkbuf_4)
                                         net19 (net)
                  0.11    0.02    2.17 v _246_/A (sky130_fd_sc_hd__or3b_4)
     1    0.02    0.07    0.31    2.48 v _246_/X (sky130_fd_sc_hd__or3b_4)
                                         _176_ (net)
                  0.07    0.00    2.48 v _247_/A (sky130_fd_sc_hd__buf_6)
     8    0.06    0.05    0.12    2.60 v _247_/X (sky130_fd_sc_hd__buf_6)
                                         _177_ (net)
                  0.05    0.00    2.61 v _249_/A2 (sky130_fd_sc_hd__a21oi_1)
     2    0.02    0.37    0.33    2.94 ^ _249_/Y (sky130_fd_sc_hd__a21oi_1)
                                         _179_ (net)
                  0.37    0.00    2.94 ^ _252_/A2 (sky130_fd_sc_hd__o21a_1)
     3    0.02    0.18    0.19    3.12 ^ _252_/X (sky130_fd_sc_hd__o21a_1)
                                         _182_ (net)
                  0.18    0.00    3.13 ^ _284_/B1_N (sky130_fd_sc_hd__o21bai_4)
     2    0.03    0.19    0.15    3.27 ^ _284_/Y (sky130_fd_sc_hd__o21bai_4)
                                         _213_ (net)
                  0.19    0.00    3.28 ^ _286_/A2 (sky130_fd_sc_hd__o21ai_1)
     1    0.01    0.14    0.10    3.37 v _286_/Y (sky130_fd_sc_hd__o21ai_1)
                                         _215_ (net)
                  0.14    0.00    3.38 v _291_/A2 (sky130_fd_sc_hd__o211a_1)
     1    0.02    0.07    0.22    3.60 v _291_/X (sky130_fd_sc_hd__o211a_1)
                                         _220_ (net)
                  0.07    0.00    3.60 v _292_/B1 (sky130_fd_sc_hd__o21ai_1)
     1    0.02    0.25    0.17    3.77 ^ _292_/Y (sky130_fd_sc_hd__o21ai_1)
                                         net22 (net)
                  0.25    0.00    3.77 ^ output22/A (sky130_fd_sc_hd__buf_2)
     1    0.03    0.13    0.18    3.95 ^ output22/X (sky130_fd_sc_hd__buf_2)
                                         out[2] (net)
                  0.13    0.00    3.96 ^ out[2] (out)
                                  3.96   data arrival time

                  0.00   10.00   10.00   clock __VIRTUAL_CLK__ (rise edge)
                          0.00   10.00   clock network delay (ideal)
                         -0.25    9.75   clock uncertainty
                          0.00    9.75   clock reconvergence pessimism
                         -2.00    7.75   output external delay
                                  7.75   data required time
-----------------------------------------------------------------------------
                                  7.75   data required time
                                 -3.96   data arrival time
-----------------------------------------------------------------------------
                                  3.79   slack (MET)


Startpoint: A[1] (input port clocked by __VIRTUAL_CLK__)
Endpoint: out[1] (output port clocked by __VIRTUAL_CLK__)
Path Group: __VIRTUAL_CLK__
Path Type: max
Corner: Fastest

Fanout     Cap    Slew   Delay    Time   Description
-----------------------------------------------------------------------------
                  0.00    0.00    0.00   clock __VIRTUAL_CLK__ (rise edge)
                          0.00    0.00   clock network delay (ideal)
                          2.00    2.00 ^ input external delay
     1    0.00    0.02    0.01    2.01 ^ A[1] (in)
                                         A[1] (net)
                  0.02    0.00    2.01 ^ input2/A (sky130_fd_sc_hd__clkbuf_4)
     7    0.08    0.19    0.20    2.21 ^ input2/X (sky130_fd_sc_hd__clkbuf_4)
                                         net2 (net)
                  0.19    0.01    2.21 ^ _251_/A (sky130_fd_sc_hd__clkbuf_4)
    10    0.09    0.21    0.25    2.47 ^ _251_/X (sky130_fd_sc_hd__clkbuf_4)
                                         _181_ (net)
                  0.21    0.01    2.47 ^ _258_/A (sky130_fd_sc_hd__and2_2)
     4    0.06    0.22    0.27    2.74 ^ _258_/X (sky130_fd_sc_hd__and2_2)
                                         _188_ (net)
                  0.22    0.01    2.74 ^ _265_/C (sky130_fd_sc_hd__and3_1)
     3    0.04    0.27    0.30    3.04 ^ _265_/X (sky130_fd_sc_hd__and3_1)
                                         _195_ (net)
                  0.27    0.00    3.04 ^ _268_/A_N (sky130_fd_sc_hd__and3b_1)
     1    0.01    0.04    0.14    3.18 v _268_/X (sky130_fd_sc_hd__and3b_1)
                                         _198_ (net)
                  0.04    0.00    3.18 v _269_/C (sky130_fd_sc_hd__or3_1)
     1    0.02    0.10    0.26    3.44 v _269_/X (sky130_fd_sc_hd__or3_1)
                                         _199_ (net)
                  0.10    0.00    3.44 v _270_/B1 (sky130_fd_sc_hd__a31o_1)
     2    0.03    0.11    0.18    3.62 v _270_/X (sky130_fd_sc_hd__a31o_1)
                                         net21 (net)
                  0.11    0.00    3.62 v output21/A (sky130_fd_sc_hd__buf_2)
     1    0.03    0.06    0.16    3.78 v output21/X (sky130_fd_sc_hd__buf_2)
                                         out[1] (net)
                  0.06    0.00    3.78 v out[1] (out)
                                  3.78   data arrival time

                  0.00   10.00   10.00   clock __VIRTUAL_CLK__ (rise edge)
                          0.00   10.00   clock network delay (ideal)
                         -0.25    9.75   clock uncertainty
                          0.00    9.75   clock reconvergence pessimism
                         -2.00    7.75   output external delay
                                  7.75   data required time
-----------------------------------------------------------------------------
                                  7.75   data required time
                                 -3.78   data arrival time
-----------------------------------------------------------------------------
                                  3.97   slack (MET)


Startpoint: opcode[2] (input port clocked by __VIRTUAL_CLK__)
Endpoint: out[0] (output port clocked by __VIRTUAL_CLK__)
Path Group: __VIRTUAL_CLK__
Path Type: max
Corner: Fastest

Fanout     Cap    Slew   Delay    Time   Description
-----------------------------------------------------------------------------
                  0.00    0.00    0.00   clock __VIRTUAL_CLK__ (rise edge)
                          0.00    0.00   clock network delay (ideal)
                          2.00    2.00 v input external delay
     1    0.00    0.01    0.00    2.00 v opcode[2] (in)
                                         opcode[2] (net)
                  0.01    0.00    2.00 v input19/A (sky130_fd_sc_hd__clkbuf_4)
     9    0.07    0.11    0.15    2.16 v input19/X (sky130_fd_sc_hd__clkbuf_4)
                                         net19 (net)
                  0.11    0.02    2.17 v _237_/A_N (sky130_fd_sc_hd__and3b_1)
     1    0.04    0.30    0.36    2.53 ^ _237_/X (sky130_fd_sc_hd__and3b_1)
                                         _168_ (net)
                  0.30    0.01    2.53 ^ _238_/A (sky130_fd_sc_hd__clkbuf_4)
     8    0.09    0.20    0.26    2.79 ^ _238_/X (sky130_fd_sc_hd__clkbuf_4)
                                         _169_ (net)
                  0.20    0.02    2.81 ^ _240_/B1 (sky130_fd_sc_hd__o22a_1)
     1    0.01    0.09    0.13    2.95 ^ _240_/X (sky130_fd_sc_hd__o22a_1)
                                         _171_ (net)
                  0.09    0.00    2.95 ^ _244_/A (sky130_fd_sc_hd__or3_1)
     1    0.01    0.09    0.13    3.08 ^ _244_/X (sky130_fd_sc_hd__or3_1)
                                         _175_ (net)
                  0.09    0.00    3.08 ^ _245_/A (sky130_fd_sc_hd__buf_1)
     1    0.03    0.29    0.25    3.33 ^ _245_/X (sky130_fd_sc_hd__buf_1)
                                         net20 (net)
                  0.29    0.00    3.33 ^ output20/A (sky130_fd_sc_hd__buf_2)
     1    0.03    0.13    0.18    3.52 ^ output20/X (sky130_fd_sc_hd__buf_2)
                                         out[0] (net)
                  0.13    0.00    3.52 ^ out[0] (out)
                                  3.52   data arrival time

                  0.00   10.00   10.00   clock __VIRTUAL_CLK__ (rise edge)
                          0.00   10.00   clock network delay (ideal)
                         -0.25    9.75   clock uncertainty
                          0.00    9.75   clock reconvergence pessimism
                         -2.00    7.75   output external delay
                                  7.75   data required time
-----------------------------------------------------------------------------
                                  7.75   data required time
                                 -3.52   data arrival time
-----------------------------------------------------------------------------
                                  4.23   slack (MET)



worst slack corner Fastest: 2.8597
======================= Slowest Corner ===================================

Startpoint: A[3] (input port clocked by __VIRTUAL_CLK__)
Endpoint: out[6] (output port clocked by __VIRTUAL_CLK__)
Path Group: __VIRTUAL_CLK__
Path Type: max
Corner: Slowest

Fanout     Cap    Slew   Delay    Time   Description
-----------------------------------------------------------------------------
                  0.00    0.00    0.00   clock __VIRTUAL_CLK__ (rise edge)
                          0.00    0.00   clock network delay (ideal)
                          2.00    2.00 ^ input external delay
     1    0.00    0.04    0.02    2.02 ^ A[3] (in)
                                         A[3] (net)
                  0.04    0.00    2.02 ^ input4/A (sky130_fd_sc_hd__clkbuf_4)
     6    0.07    0.35    0.46    2.48 ^ input4/X (sky130_fd_sc_hd__clkbuf_4)
                                         net4 (net)
                  0.35    0.01    2.49 ^ _296_/A (sky130_fd_sc_hd__buf_6)
    10    0.08    0.27    0.46    2.94 ^ _296_/X (sky130_fd_sc_hd__buf_6)
                                         _224_ (net)
                  0.27    0.01    2.95 ^ _410_/A1 (sky130_fd_sc_hd__a22oi_1)
     1    0.01    0.28    0.38    3.33 v _410_/Y (sky130_fd_sc_hd__a22oi_1)
                                         _101_ (net)
                  0.28    0.00    3.33 v _412_/A (sky130_fd_sc_hd__nor2_2)
     2    0.03    0.54    0.60    3.93 ^ _412_/Y (sky130_fd_sc_hd__nor2_2)
                                         _103_ (net)
                  0.54    0.00    3.93 ^ _413_/B (sky130_fd_sc_hd__xnor2_2)
     2    0.01    0.36    0.43    4.36 ^ _413_/Y (sky130_fd_sc_hd__xnor2_2)
                                         _104_ (net)
                  0.36    0.00    4.36 ^ _414_/B1 (sky130_fd_sc_hd__a21o_1)
     2    0.05    0.64    0.69    5.05 ^ _414_/X (sky130_fd_sc_hd__a21o_1)
                                         _105_ (net)
                  0.65    0.01    5.05 ^ _417_/A (sky130_fd_sc_hd__nand3_2)
     3    0.05    0.64    0.78    5.83 v _417_/Y (sky130_fd_sc_hd__nand3_2)
                                         _108_ (net)
                  0.64    0.01    5.84 v _420_/A1 (sky130_fd_sc_hd__a21oi_2)
     2    0.03    0.65    0.86    6.70 ^ _420_/Y (sky130_fd_sc_hd__a21oi_2)
                                         _111_ (net)
                  0.65    0.00    6.71 ^ _422_/A2 (sky130_fd_sc_hd__o211ai_2)
     2    0.03    0.42    0.60    7.30 v _422_/Y (sky130_fd_sc_hd__o211ai_2)
                                         _113_ (net)
                  0.42    0.00    7.31 v _423_/C (sky130_fd_sc_hd__and3b_1)
     2    0.03    0.30    0.78    8.09 v _423_/X (sky130_fd_sc_hd__and3b_1)
                                         _114_ (net)
                  0.30    0.00    8.09 v _425_/A_N (sky130_fd_sc_hd__and2b_1)
     2    0.02    0.33    0.71    8.80 ^ _425_/X (sky130_fd_sc_hd__and2b_1)
                                         _116_ (net)
                  0.33    0.00    8.80 ^ _426_/B (sky130_fd_sc_hd__nand2_1)
     1    0.02    0.41    0.48    9.28 v _426_/Y (sky130_fd_sc_hd__nand2_1)
                                         _117_ (net)
                  0.41    0.00    9.28 v _432_/A2 (sky130_fd_sc_hd__a21oi_2)
     1    0.02    0.41    0.59    9.87 ^ _432_/Y (sky130_fd_sc_hd__a21oi_2)
                                         _123_ (net)
                  0.41    0.00    9.88 ^ _433_/B1 (sky130_fd_sc_hd__o21ai_2)
     1    0.02    0.22    0.35   10.23 v _433_/Y (sky130_fd_sc_hd__o21ai_2)
                                         net26 (net)
                  0.22    0.00   10.23 v output26/A (sky130_fd_sc_hd__buf_4)
     1    0.03    0.10    0.39   10.62 v output26/X (sky130_fd_sc_hd__buf_4)
                                         out[6] (net)
                  0.10    0.00   10.62 v out[6] (out)
                                 10.62   data arrival time

                  0.00   10.00   10.00   clock __VIRTUAL_CLK__ (rise edge)
                          0.00   10.00   clock network delay (ideal)
                         -0.25    9.75   clock uncertainty
                          0.00    9.75   clock reconvergence pessimism
                         -2.00    7.75   output external delay
                                  7.75   data required time
-----------------------------------------------------------------------------
                                  7.75   data required time
                                -10.62   data arrival time
-----------------------------------------------------------------------------
                                 -2.87   slack (VIOLATED)


Startpoint: A[3] (input port clocked by __VIRTUAL_CLK__)
Endpoint: out[7] (output port clocked by __VIRTUAL_CLK__)
Path Group: __VIRTUAL_CLK__
Path Type: max
Corner: Slowest

Fanout     Cap    Slew   Delay    Time   Description
-----------------------------------------------------------------------------
                  0.00    0.00    0.00   clock __VIRTUAL_CLK__ (rise edge)
                          0.00    0.00   clock network delay (ideal)
                          2.00    2.00 ^ input external delay
     1    0.00    0.04    0.02    2.02 ^ A[3] (in)
                                         A[3] (net)
                  0.04    0.00    2.02 ^ input4/A (sky130_fd_sc_hd__clkbuf_4)
     6    0.07    0.35    0.46    2.48 ^ input4/X (sky130_fd_sc_hd__clkbuf_4)
                                         net4 (net)
                  0.35    0.01    2.49 ^ _296_/A (sky130_fd_sc_hd__buf_6)
    10    0.08    0.27    0.46    2.94 ^ _296_/X (sky130_fd_sc_hd__buf_6)
                                         _224_ (net)
                  0.27    0.01    2.95 ^ _410_/A1 (sky130_fd_sc_hd__a22oi_1)
     1    0.01    0.28    0.38    3.33 v _410_/Y (sky130_fd_sc_hd__a22oi_1)
                                         _101_ (net)
                  0.28    0.00    3.33 v _412_/A (sky130_fd_sc_hd__nor2_2)
     2    0.03    0.54    0.60    3.93 ^ _412_/Y (sky130_fd_sc_hd__nor2_2)
                                         _103_ (net)
                  0.54    0.00    3.93 ^ _455_/A3 (sky130_fd_sc_hd__a31o_1)
     1    0.02    0.25    0.61    4.55 ^ _455_/X (sky130_fd_sc_hd__a31o_1)
                                         _145_ (net)
                  0.25    0.00    4.55 ^ _456_/B (sky130_fd_sc_hd__xor2_1)
     1    0.02    0.62    0.67    5.22 ^ _456_/X (sky130_fd_sc_hd__xor2_1)
                                         _146_ (net)
                  0.62    0.00    5.22 ^ _464_/A (sky130_fd_sc_hd__xnor2_1)
     1    0.01    0.22    0.43    5.66 v _464_/Y (sky130_fd_sc_hd__xnor2_1)
                                         _154_ (net)
                  0.22    0.00    5.66 v _465_/B (sky130_fd_sc_hd__xnor2_2)
     1    0.04    0.83    0.78    6.44 ^ _465_/Y (sky130_fd_sc_hd__xnor2_2)
                                         _155_ (net)
                  0.83    0.01    6.44 ^ _466_/B (sky130_fd_sc_hd__xor2_2)
     1    0.03    0.38    0.61    7.05 v _466_/X (sky130_fd_sc_hd__xor2_2)
                                         _156_ (net)
                  0.38    0.00    7.06 v _467_/B (sky130_fd_sc_hd__xnor2_1)
     1    0.03    0.99    1.00    8.06 ^ _467_/Y (sky130_fd_sc_hd__xnor2_1)
                                         _157_ (net)
                  0.99    0.00    8.06 ^ _468_/B (sky130_fd_sc_hd__xnor2_2)
     2    0.02    0.45    0.55    8.61 ^ _468_/Y (sky130_fd_sc_hd__xnor2_2)
                                         _158_ (net)
                  0.45    0.00    8.61 ^ _470_/A1 (sky130_fd_sc_hd__o21a_1)
     1    0.03    0.41    0.65    9.26 ^ _470_/X (sky130_fd_sc_hd__o21a_1)
                                         _160_ (net)
                  0.41    0.00    9.27 ^ _474_/A2 (sky130_fd_sc_hd__a21o_1)
     1    0.03    0.38    0.60    9.86 ^ _474_/X (sky130_fd_sc_hd__a21o_1)
                                         _164_ (net)
                  0.38    0.00    9.86 ^ _475_/B1 (sky130_fd_sc_hd__a21o_1)
     1    0.02    0.25    0.40   10.26 ^ _475_/X (sky130_fd_sc_hd__a21o_1)
                                         net27 (net)
                  0.25    0.00   10.27 ^ output27/A (sky130_fd_sc_hd__buf_6)
     1    0.03    0.13    0.32   10.58 ^ output27/X (sky130_fd_sc_hd__buf_6)
                                         out[7] (net)
                  0.13    0.00   10.58 ^ out[7] (out)
                                 10.58   data arrival time

                  0.00   10.00   10.00   clock __VIRTUAL_CLK__ (rise edge)
                          0.00   10.00   clock network delay (ideal)
                         -0.25    9.75   clock uncertainty
                          0.00    9.75   clock reconvergence pessimism
                         -2.00    7.75   output external delay
                                  7.75   data required time
-----------------------------------------------------------------------------
                                  7.75   data required time
                                -10.58   data arrival time
-----------------------------------------------------------------------------
                                 -2.83   slack (VIOLATED)


Startpoint: A[4] (input port clocked by __VIRTUAL_CLK__)
Endpoint: out[5] (output port clocked by __VIRTUAL_CLK__)
Path Group: __VIRTUAL_CLK__
Path Type: max
Corner: Slowest

Fanout     Cap    Slew   Delay    Time   Description
-----------------------------------------------------------------------------
                  0.00    0.00    0.00   clock __VIRTUAL_CLK__ (rise edge)
                          0.00    0.00   clock network delay (ideal)
                          2.00    2.00 ^ input external delay
     1    0.00    0.04    0.02    2.02 ^ A[4] (in)
                                         A[4] (net)
                  0.04    0.00    2.02 ^ input5/A (sky130_fd_sc_hd__buf_4)
     5    0.08    0.35    0.41    2.43 ^ input5/X (sky130_fd_sc_hd__buf_4)
                                         net5 (net)
                  0.35    0.02    2.45 ^ _322_/A (sky130_fd_sc_hd__buf_12)
     5    0.07    0.15    0.37    2.81 ^ _322_/X (sky130_fd_sc_hd__buf_12)
                                         _015_ (net)
                  0.15    0.01    2.83 ^ _335_/A (sky130_fd_sc_hd__nand4_4)
     3    0.06    0.58    0.53    3.36 v _335_/Y (sky130_fd_sc_hd__nand4_4)
                                         _028_ (net)
                  0.58    0.00    3.36 v _337_/A1 (sky130_fd_sc_hd__a21o_1)
     2    0.02    0.21    0.66    4.02 v _337_/X (sky130_fd_sc_hd__a21o_1)
                                         _030_ (net)
                  0.21    0.00    4.03 v _340_/B (sky130_fd_sc_hd__and3_1)
     2    0.03    0.30    0.63    4.66 v _340_/X (sky130_fd_sc_hd__and3_1)
                                         _033_ (net)
                  0.30    0.00    4.66 v _342_/A (sky130_fd_sc_hd__nor2_2)
     1    0.04    0.64    0.68    5.34 ^ _342_/Y (sky130_fd_sc_hd__nor2_2)
                                         _035_ (net)
                  0.64    0.01    5.35 ^ _343_/B (sky130_fd_sc_hd__xnor2_2)
     2    0.03    0.33    0.52    5.87 v _343_/Y (sky130_fd_sc_hd__xnor2_2)
                                         _036_ (net)
                  0.33    0.01    5.87 v _345_/C (sky130_fd_sc_hd__nor3_2)
     1    0.03    0.93    0.86    6.73 ^ _345_/Y (sky130_fd_sc_hd__nor3_2)
                                         _038_ (net)
                  0.93    0.00    6.73 ^ _346_/B (sky130_fd_sc_hd__nor2_2)
     3    0.04    0.29    0.52    7.25 v _346_/Y (sky130_fd_sc_hd__nor2_2)
                                         _039_ (net)
                  0.29    0.00    7.26 v _378_/D (sky130_fd_sc_hd__and4b_2)
     3    0.02    0.15    0.74    8.00 v _378_/X (sky130_fd_sc_hd__and4b_2)
                                         _070_ (net)
                  0.15    0.00    8.00 v _379_/B (sky130_fd_sc_hd__or3b_2)
     1    0.03    0.32    1.36    9.36 v _379_/X (sky130_fd_sc_hd__or3b_2)
                                         _071_ (net)
                  0.32    0.00    9.36 v _391_/B1 (sky130_fd_sc_hd__o211ai_2)
     1    0.03    0.63    0.40    9.76 ^ _391_/Y (sky130_fd_sc_hd__o211ai_2)
                                         net25 (net)
                  0.63    0.00    9.76 ^ output25/A (sky130_fd_sc_hd__buf_4)
     1    0.03    0.17    0.54   10.30 ^ output25/X (sky130_fd_sc_hd__buf_4)
                                         out[5] (net)
                  0.17    0.00   10.30 ^ out[5] (out)
                                 10.30   data arrival time

                  0.00   10.00   10.00   clock __VIRTUAL_CLK__ (rise edge)
                          0.00   10.00   clock network delay (ideal)
                         -0.25    9.75   clock uncertainty
                          0.00    9.75   clock reconvergence pessimism
                         -2.00    7.75   output external delay
                                  7.75   data required time
-----------------------------------------------------------------------------
                                  7.75   data required time
                                -10.30   data arrival time
-----------------------------------------------------------------------------
                                 -2.55   slack (VIOLATED)


Startpoint: A[4] (input port clocked by __VIRTUAL_CLK__)
Endpoint: out[4] (output port clocked by __VIRTUAL_CLK__)
Path Group: __VIRTUAL_CLK__
Path Type: max
Corner: Slowest

Fanout     Cap    Slew   Delay    Time   Description
-----------------------------------------------------------------------------
                  0.00    0.00    0.00   clock __VIRTUAL_CLK__ (rise edge)
                          0.00    0.00   clock network delay (ideal)
                          2.00    2.00 ^ input external delay
     1    0.00    0.04    0.02    2.02 ^ A[4] (in)
                                         A[4] (net)
                  0.04    0.00    2.02 ^ input5/A (sky130_fd_sc_hd__buf_4)
     5    0.08    0.35    0.41    2.43 ^ input5/X (sky130_fd_sc_hd__buf_4)
                                         net5 (net)
                  0.35    0.02    2.45 ^ _322_/A (sky130_fd_sc_hd__buf_12)
     5    0.07    0.15    0.37    2.81 ^ _322_/X (sky130_fd_sc_hd__buf_12)
                                         _015_ (net)
                  0.15    0.01    2.83 ^ _335_/A (sky130_fd_sc_hd__nand4_4)
     3    0.06    0.58    0.53    3.36 v _335_/Y (sky130_fd_sc_hd__nand4_4)
                                         _028_ (net)
                  0.58    0.00    3.36 v _337_/A1 (sky130_fd_sc_hd__a21o_1)
     2    0.02    0.21    0.66    4.02 v _337_/X (sky130_fd_sc_hd__a21o_1)
                                         _030_ (net)
                  0.21    0.00    4.03 v _340_/B (sky130_fd_sc_hd__and3_1)
     2    0.03    0.30    0.63    4.66 v _340_/X (sky130_fd_sc_hd__and3_1)
                                         _033_ (net)
                  0.30    0.00    4.66 v _342_/A (sky130_fd_sc_hd__nor2_2)
     1    0.04    0.64    0.68    5.34 ^ _342_/Y (sky130_fd_sc_hd__nor2_2)
                                         _035_ (net)
                  0.64    0.01    5.35 ^ _343_/B (sky130_fd_sc_hd__xnor2_2)
     2    0.03    0.33    0.52    5.87 v _343_/Y (sky130_fd_sc_hd__xnor2_2)
                                         _036_ (net)
                  0.33    0.01    5.87 v _345_/C (sky130_fd_sc_hd__nor3_2)
     1    0.03    0.93    0.86    6.73 ^ _345_/Y (sky130_fd_sc_hd__nor3_2)
                                         _038_ (net)
                  0.93    0.00    6.73 ^ _346_/B (sky130_fd_sc_hd__nor2_2)
     3    0.04    0.29    0.52    7.25 v _346_/Y (sky130_fd_sc_hd__nor2_2)
                                         _039_ (net)
                  0.29    0.00    7.25 v _347_/B (sky130_fd_sc_hd__xnor2_1)
     1    0.02    0.33    0.50    7.75 v _347_/Y (sky130_fd_sc_hd__xnor2_1)
                                         _040_ (net)
                  0.33    0.00    7.75 v _352_/A2 (sky130_fd_sc_hd__a211o_1)
     1    0.01    0.14    0.73    8.48 v _352_/X (sky130_fd_sc_hd__a211o_1)
                                         _045_ (net)
                  0.14    0.00    8.49 v _353_/B1 (sky130_fd_sc_hd__a31o_1)
     1    0.01    0.12    0.44    8.92 v _353_/X (sky130_fd_sc_hd__a31o_1)
                                         net24 (net)
                  0.12    0.00    8.92 v output24/A (sky130_fd_sc_hd__buf_2)
     1    0.03    0.17    0.39    9.31 v output24/X (sky130_fd_sc_hd__buf_2)
                                         out[4] (net)
                  0.17    0.00    9.31 v out[4] (out)
                                  9.31   data arrival time

                  0.00   10.00   10.00   clock __VIRTUAL_CLK__ (rise edge)
                          0.00   10.00   clock network delay (ideal)
                         -0.25    9.75   clock uncertainty
                          0.00    9.75   clock reconvergence pessimism
                         -2.00    7.75   output external delay
                                  7.75   data required time
-----------------------------------------------------------------------------
                                  7.75   data required time
                                 -9.31   data arrival time
-----------------------------------------------------------------------------
                                 -1.56   slack (VIOLATED)


Startpoint: A[3] (input port clocked by __VIRTUAL_CLK__)
Endpoint: out[3] (output port clocked by __VIRTUAL_CLK__)
Path Group: __VIRTUAL_CLK__
Path Type: max
Corner: Slowest

Fanout     Cap    Slew   Delay    Time   Description
-----------------------------------------------------------------------------
                  0.00    0.00    0.00   clock __VIRTUAL_CLK__ (rise edge)
                          0.00    0.00   clock network delay (ideal)
                          2.00    2.00 ^ input external delay
     1    0.00    0.04    0.02    2.02 ^ A[3] (in)
                                         A[3] (net)
                  0.04    0.00    2.02 ^ input4/A (sky130_fd_sc_hd__clkbuf_4)
     6    0.07    0.35    0.46    2.48 ^ input4/X (sky130_fd_sc_hd__clkbuf_4)
                                         net4 (net)
                  0.35    0.01    2.49 ^ _296_/A (sky130_fd_sc_hd__buf_6)
    10    0.08    0.27    0.46    2.94 ^ _296_/X (sky130_fd_sc_hd__buf_6)
                                         _224_ (net)
                  0.27    0.01    2.95 ^ _297_/B1 (sky130_fd_sc_hd__a22oi_4)
     2    0.05    0.25    0.30    3.25 v _297_/Y (sky130_fd_sc_hd__a22oi_4)
                                         _225_ (net)
                  0.25    0.00    3.26 v _298_/B (sky130_fd_sc_hd__nor2_2)
     1    0.05    0.89    0.82    4.08 ^ _298_/Y (sky130_fd_sc_hd__nor2_2)
                                         _226_ (net)
                  0.89    0.01    4.08 ^ _299_/A (sky130_fd_sc_hd__xnor2_2)
     2    0.03    0.37    0.63    4.71 v _299_/Y (sky130_fd_sc_hd__xnor2_2)
                                         _227_ (net)
                  0.37    0.00    4.72 v _301_/B (sky130_fd_sc_hd__xnor2_2)
     2    0.02    0.38    0.50    5.22 ^ _301_/Y (sky130_fd_sc_hd__xnor2_2)
                                         _229_ (net)
                  0.38    0.00    5.22 ^ rebuffer10/A (sky130_fd_sc_hd__clkbuf_2)
     1    0.02    0.16    0.41    5.63 ^ rebuffer10/X (sky130_fd_sc_hd__clkbuf_2)
                                         net38 (net)
                  0.16    0.00    5.63 ^ _303_/B1 (sky130_fd_sc_hd__a21oi_1)
     1    0.01    0.23    0.17    5.80 v _303_/Y (sky130_fd_sc_hd__a21oi_1)
                                         _231_ (net)
                  0.23    0.00    5.81 v _304_/A (sky130_fd_sc_hd__nor2_2)
     3    0.04    0.76    0.75    6.55 ^ _304_/Y (sky130_fd_sc_hd__nor2_2)
                                         _232_ (net)
                  0.76    0.01    6.56 ^ _306_/A (sky130_fd_sc_hd__nand2_2)
     3    0.04    0.42    0.60    7.16 v _306_/Y (sky130_fd_sc_hd__nand2_2)
                                         _000_ (net)
                  0.42    0.01    7.17 v _321_/A3 (sky130_fd_sc_hd__a31o_1)
     1    0.01    0.16    0.66    7.83 v _321_/X (sky130_fd_sc_hd__a31o_1)
                                         net23 (net)
                  0.16    0.00    7.83 v output23/A (sky130_fd_sc_hd__buf_2)
     1    0.03    0.17    0.41    8.24 v output23/X (sky130_fd_sc_hd__buf_2)
                                         out[3] (net)
                  0.17    0.00    8.24 v out[3] (out)
                                  8.24   data arrival time

                  0.00   10.00   10.00   clock __VIRTUAL_CLK__ (rise edge)
                          0.00   10.00   clock network delay (ideal)
                         -0.25    9.75   clock uncertainty
                          0.00    9.75   clock reconvergence pessimism
                         -2.00    7.75   output external delay
                                  7.75   data required time
-----------------------------------------------------------------------------
                                  7.75   data required time
                                 -8.24   data arrival time
-----------------------------------------------------------------------------
                                 -0.49   slack (VIOLATED)


Startpoint: opcode[2] (input port clocked by __VIRTUAL_CLK__)
Endpoint: out[2] (output port clocked by __VIRTUAL_CLK__)
Path Group: __VIRTUAL_CLK__
Path Type: max
Corner: Slowest

Fanout     Cap    Slew   Delay    Time   Description
-----------------------------------------------------------------------------
                  0.00    0.00    0.00   clock __VIRTUAL_CLK__ (rise edge)
                          0.00    0.00   clock network delay (ideal)
                          2.00    2.00 v input external delay
     1    0.00    0.02    0.01    2.01 v opcode[2] (in)
                                         opcode[2] (net)
                  0.02    0.00    2.01 v input19/A (sky130_fd_sc_hd__clkbuf_4)
     9    0.07    0.27    0.41    2.42 v input19/X (sky130_fd_sc_hd__clkbuf_4)
                                         net19 (net)
                  0.27    0.02    2.44 v _246_/A (sky130_fd_sc_hd__or3b_4)
     1    0.02    0.17    0.97    3.41 v _246_/X (sky130_fd_sc_hd__or3b_4)
                                         _176_ (net)
                  0.17    0.00    3.42 v _247_/A (sky130_fd_sc_hd__buf_6)
     8    0.06    0.11    0.34    3.75 v _247_/X (sky130_fd_sc_hd__buf_6)
                                         _177_ (net)
                  0.11    0.00    3.76 v _249_/A2 (sky130_fd_sc_hd__a21oi_1)
     2    0.02    0.82    0.76    4.52 ^ _249_/Y (sky130_fd_sc_hd__a21oi_1)
                                         _179_ (net)
                  0.82    0.00    4.52 ^ _252_/A2 (sky130_fd_sc_hd__o21a_1)
     3    0.02    0.38    0.69    5.21 ^ _252_/X (sky130_fd_sc_hd__o21a_1)
                                         _182_ (net)
                  0.38    0.00    5.21 ^ _284_/B1_N (sky130_fd_sc_hd__o21bai_4)
     2    0.03    0.42    0.47    5.68 ^ _284_/Y (sky130_fd_sc_hd__o21bai_4)
                                         _213_ (net)
                  0.42    0.00    5.68 ^ _286_/A2 (sky130_fd_sc_hd__o21ai_1)
     1    0.01    0.39    0.39    6.07 v _286_/Y (sky130_fd_sc_hd__o21ai_1)
                                         _215_ (net)
                  0.39    0.00    6.07 v _291_/A2 (sky130_fd_sc_hd__o211a_1)
     1    0.02    0.20    0.67    6.74 v _291_/X (sky130_fd_sc_hd__o211a_1)
                                         _220_ (net)
                  0.20    0.00    6.75 v _292_/B1 (sky130_fd_sc_hd__o21ai_1)
     1    0.02    0.60    0.44    7.18 ^ _292_/Y (sky130_fd_sc_hd__o21ai_1)
                                         net22 (net)
                  0.60    0.00    7.18 ^ output22/A (sky130_fd_sc_hd__buf_2)
     1    0.03    0.28    0.59    7.77 ^ output22/X (sky130_fd_sc_hd__buf_2)
                                         out[2] (net)
                  0.28    0.00    7.77 ^ out[2] (out)
                                  7.77   data arrival time

                  0.00   10.00   10.00   clock __VIRTUAL_CLK__ (rise edge)
                          0.00   10.00   clock network delay (ideal)
                         -0.25    9.75   clock uncertainty
                          0.00    9.75   clock reconvergence pessimism
                         -2.00    7.75   output external delay
                                  7.75   data required time
-----------------------------------------------------------------------------
                                  7.75   data required time
                                 -7.77   data arrival time
-----------------------------------------------------------------------------
                                 -0.02   slack (VIOLATED)


Startpoint: A[1] (input port clocked by __VIRTUAL_CLK__)
Endpoint: out[1] (output port clocked by __VIRTUAL_CLK__)
Path Group: __VIRTUAL_CLK__
Path Type: max
Corner: Slowest

Fanout     Cap    Slew   Delay    Time   Description
-----------------------------------------------------------------------------
                  0.00    0.00    0.00   clock __VIRTUAL_CLK__ (rise edge)
                          0.00    0.00   clock network delay (ideal)
                          2.00    2.00 ^ input external delay
     1    0.00    0.04    0.02    2.02 ^ A[1] (in)
                                         A[1] (net)
                  0.04    0.00    2.02 ^ input2/A (sky130_fd_sc_hd__clkbuf_4)
     7    0.08    0.40    0.49    2.51 ^ input2/X (sky130_fd_sc_hd__clkbuf_4)
                                         net2 (net)
                  0.40    0.01    2.51 ^ _251_/A (sky130_fd_sc_hd__clkbuf_4)
    10    0.09    0.42    0.68    3.19 ^ _251_/X (sky130_fd_sc_hd__clkbuf_4)
                                         _181_ (net)
                  0.42    0.01    3.20 ^ _258_/A (sky130_fd_sc_hd__and2_2)
     4    0.06    0.48    0.75    3.95 ^ _258_/X (sky130_fd_sc_hd__and2_2)
                                         _188_ (net)
                  0.48    0.01    3.96 ^ _265_/C (sky130_fd_sc_hd__and3_1)
     3    0.04    0.56    0.83    4.79 ^ _265_/X (sky130_fd_sc_hd__and3_1)
                                         _195_ (net)
                  0.56    0.00    4.80 ^ _268_/A_N (sky130_fd_sc_hd__and3b_1)
     1    0.01    0.10    0.57    5.37 v _268_/X (sky130_fd_sc_hd__and3b_1)
                                         _198_ (net)
                  0.10    0.00    5.37 v _269_/C (sky130_fd_sc_hd__or3_1)
     1    0.02    0.30    0.98    6.36 v _269_/X (sky130_fd_sc_hd__or3_1)
                                         _199_ (net)
                  0.30    0.00    6.36 v _270_/B1 (sky130_fd_sc_hd__a31o_1)
     2    0.03    0.29    0.66    7.02 v _270_/X (sky130_fd_sc_hd__a31o_1)
                                         net21 (net)
                  0.29    0.00    7.02 v output21/A (sky130_fd_sc_hd__buf_2)
     1    0.03    0.17    0.47    7.50 v output21/X (sky130_fd_sc_hd__buf_2)
                                         out[1] (net)
                  0.17    0.00    7.50 v out[1] (out)
                                  7.50   data arrival time

                  0.00   10.00   10.00   clock __VIRTUAL_CLK__ (rise edge)
                          0.00   10.00   clock network delay (ideal)
                         -0.25    9.75   clock uncertainty
                          0.00    9.75   clock reconvergence pessimism
                         -2.00    7.75   output external delay
                                  7.75   data required time
-----------------------------------------------------------------------------
                                  7.75   data required time
                                 -7.50   data arrival time
-----------------------------------------------------------------------------
                                  0.25   slack (MET)


Startpoint: opcode[2] (input port clocked by __VIRTUAL_CLK__)
Endpoint: out[0] (output port clocked by __VIRTUAL_CLK__)
Path Group: __VIRTUAL_CLK__
Path Type: max
Corner: Slowest

Fanout     Cap    Slew   Delay    Time   Description
-----------------------------------------------------------------------------
                  0.00    0.00    0.00   clock __VIRTUAL_CLK__ (rise edge)
                          0.00    0.00   clock network delay (ideal)
                          2.00    2.00 ^ input external delay
     1    0.00    0.04    0.02    2.02 ^ opcode[2] (in)
                                         opcode[2] (net)
                  0.04    0.00    2.02 ^ input19/A (sky130_fd_sc_hd__clkbuf_4)
     9    0.08    0.37    0.46    2.48 ^ input19/X (sky130_fd_sc_hd__clkbuf_4)
                                         net19 (net)
                  0.37    0.02    2.50 ^ _237_/A_N (sky130_fd_sc_hd__and3b_1)
     1    0.04    0.37    0.76    3.26 v _237_/X (sky130_fd_sc_hd__and3b_1)
                                         _168_ (net)
                  0.37    0.00    3.26 v _238_/A (sky130_fd_sc_hd__clkbuf_4)
     8    0.08    0.30    0.61    3.87 v _238_/X (sky130_fd_sc_hd__clkbuf_4)
                                         _169_ (net)
                  0.30    0.02    3.89 v _240_/B1 (sky130_fd_sc_hd__o22a_1)
     1    0.01    0.17    0.56    4.45 v _240_/X (sky130_fd_sc_hd__o22a_1)
                                         _171_ (net)
                  0.17    0.00    4.45 v _244_/A (sky130_fd_sc_hd__or3_1)
     1    0.01    0.24    1.07    5.52 v _244_/X (sky130_fd_sc_hd__or3_1)
                                         _175_ (net)
                  0.24    0.00    5.52 v _245_/A (sky130_fd_sc_hd__buf_1)
     1    0.03    0.38    0.51    6.03 v _245_/X (sky130_fd_sc_hd__buf_1)
                                         net20 (net)
                  0.38    0.00    6.03 v output20/A (sky130_fd_sc_hd__buf_2)
     1    0.03    0.17    0.51    6.54 v output20/X (sky130_fd_sc_hd__buf_2)
                                         out[0] (net)
                  0.17    0.00    6.55 v out[0] (out)
                                  6.55   data arrival time

                  0.00   10.00   10.00   clock __VIRTUAL_CLK__ (rise edge)
                          0.00   10.00   clock network delay (ideal)
                         -0.25    9.75   clock uncertainty
                          0.00    9.75   clock reconvergence pessimism
                         -2.00    7.75   output external delay
                                  7.75   data required time
-----------------------------------------------------------------------------
                                  7.75   data required time
                                 -6.55   data arrival time
-----------------------------------------------------------------------------
                                  1.20   slack (MET)



worst slack corner Slowest: -2.8736
======================= Typical Corner ===================================

Startpoint: A[3] (input port clocked by __VIRTUAL_CLK__)
Endpoint: out[7] (output port clocked by __VIRTUAL_CLK__)
Path Group: __VIRTUAL_CLK__
Path Type: max
Corner: Typical

Fanout     Cap    Slew   Delay    Time   Description
-----------------------------------------------------------------------------
                  0.00    0.00    0.00   clock __VIRTUAL_CLK__ (rise edge)
                          0.00    0.00   clock network delay (ideal)
                          2.00    2.00 ^ input external delay
     1    0.00    0.02    0.01    2.01 ^ A[3] (in)
                                         A[3] (net)
                  0.02    0.00    2.01 ^ input4/A (sky130_fd_sc_hd__clkbuf_4)
     6    0.07    0.22    0.26    2.28 ^ input4/X (sky130_fd_sc_hd__clkbuf_4)
                                         net4 (net)
                  0.22    0.01    2.29 ^ _296_/A (sky130_fd_sc_hd__buf_6)
    10    0.08    0.17    0.24    2.53 ^ _296_/X (sky130_fd_sc_hd__buf_6)
                                         _224_ (net)
                  0.17    0.01    2.54 ^ _410_/A1 (sky130_fd_sc_hd__a22oi_1)
     1    0.01    0.13    0.17    2.71 v _410_/Y (sky130_fd_sc_hd__a22oi_1)
                                         _101_ (net)
                  0.13    0.00    2.72 v _412_/A (sky130_fd_sc_hd__nor2_2)
     2    0.03    0.33    0.34    3.06 ^ _412_/Y (sky130_fd_sc_hd__nor2_2)
                                         _103_ (net)
                  0.33    0.00    3.06 ^ _455_/A3 (sky130_fd_sc_hd__a31o_1)
     1    0.02    0.15    0.29    3.35 ^ _455_/X (sky130_fd_sc_hd__a31o_1)
                                         _145_ (net)
                  0.15    0.00    3.35 ^ _456_/B (sky130_fd_sc_hd__xor2_1)
     1    0.02    0.38    0.38    3.72 ^ _456_/X (sky130_fd_sc_hd__xor2_1)
                                         _146_ (net)
                  0.38    0.00    3.72 ^ _464_/A (sky130_fd_sc_hd__xnor2_1)
     1    0.01    0.12    0.19    3.91 v _464_/Y (sky130_fd_sc_hd__xnor2_1)
                                         _154_ (net)
                  0.12    0.00    3.91 v _465_/B (sky130_fd_sc_hd__xnor2_2)
     1    0.04    0.53    0.47    4.38 ^ _465_/Y (sky130_fd_sc_hd__xnor2_2)
                                         _155_ (net)
                  0.53    0.01    4.39 ^ _466_/B (sky130_fd_sc_hd__xor2_2)
     1    0.03    0.22    0.28    4.67 v _466_/X (sky130_fd_sc_hd__xor2_2)
                                         _156_ (net)
                  0.22    0.00    4.67 v _467_/B (sky130_fd_sc_hd__xnor2_1)
     1    0.03    0.61    0.59    5.26 ^ _467_/Y (sky130_fd_sc_hd__xnor2_1)
                                         _157_ (net)
                  0.61    0.00    5.26 ^ _468_/B (sky130_fd_sc_hd__xnor2_2)
     2    0.02    0.16    0.21    5.47 v _468_/Y (sky130_fd_sc_hd__xnor2_2)
                                         _158_ (net)
                  0.16    0.00    5.47 v _470_/A1 (sky130_fd_sc_hd__o21a_1)
     1    0.03    0.14    0.33    5.80 v _470_/X (sky130_fd_sc_hd__o21a_1)
                                         _160_ (net)
                  0.14    0.00    5.81 v _474_/A2 (sky130_fd_sc_hd__a21o_1)
     1    0.03    0.13    0.32    6.12 v _474_/X (sky130_fd_sc_hd__a21o_1)
                                         _164_ (net)
                  0.13    0.00    6.12 v _475_/B1 (sky130_fd_sc_hd__a21o_1)
     1    0.02    0.09    0.25    6.37 v _475_/X (sky130_fd_sc_hd__a21o_1)
                                         net27 (net)
                  0.09    0.00    6.38 v output27/A (sky130_fd_sc_hd__buf_6)
     1    0.03    0.04    0.16    6.54 v output27/X (sky130_fd_sc_hd__buf_6)
                                         out[7] (net)
                  0.04    0.00    6.54 v out[7] (out)
                                  6.54   data arrival time

                  0.00   10.00   10.00   clock __VIRTUAL_CLK__ (rise edge)
                          0.00   10.00   clock network delay (ideal)
                         -0.25    9.75   clock uncertainty
                          0.00    9.75   clock reconvergence pessimism
                         -2.00    7.75   output external delay
                                  7.75   data required time
-----------------------------------------------------------------------------
                                  7.75   data required time
                                 -6.54   data arrival time
-----------------------------------------------------------------------------
                                  1.21   slack (MET)


Startpoint: A[2] (input port clocked by __VIRTUAL_CLK__)
Endpoint: out[6] (output port clocked by __VIRTUAL_CLK__)
Path Group: __VIRTUAL_CLK__
Path Type: max
Corner: Typical

Fanout     Cap    Slew   Delay    Time   Description
-----------------------------------------------------------------------------
                  0.00    0.00    0.00   clock __VIRTUAL_CLK__ (rise edge)
                          0.00    0.00   clock network delay (ideal)
                          2.00    2.00 ^ input external delay
     1    0.00    0.02    0.01    2.01 ^ A[2] (in)
                                         A[2] (net)
                  0.02    0.00    2.01 ^ input3/A (sky130_fd_sc_hd__clkbuf_4)
     6    0.07    0.20    0.25    2.26 ^ input3/X (sky130_fd_sc_hd__clkbuf_4)
                                         net3 (net)
                  0.20    0.00    2.27 ^ _275_/A (sky130_fd_sc_hd__buf_12)
    11    0.11    0.13    0.21    2.47 ^ _275_/X (sky130_fd_sc_hd__buf_12)
                                         _204_ (net)
                  0.13    0.01    2.48 ^ _411_/A (sky130_fd_sc_hd__and4_1)
     2    0.03    0.27    0.38    2.86 ^ _411_/X (sky130_fd_sc_hd__and4_1)
                                         _102_ (net)
                  0.27    0.00    2.87 ^ _412_/B (sky130_fd_sc_hd__nor2_2)
     2    0.03    0.12    0.15    3.02 v _412_/Y (sky130_fd_sc_hd__nor2_2)
                                         _103_ (net)
                  0.12    0.00    3.02 v _413_/B (sky130_fd_sc_hd__xnor2_2)
     2    0.01    0.23    0.25    3.26 ^ _413_/Y (sky130_fd_sc_hd__xnor2_2)
                                         _104_ (net)
                  0.23    0.00    3.26 ^ _414_/B1 (sky130_fd_sc_hd__a21o_1)
     2    0.05    0.41    0.39    3.66 ^ _414_/X (sky130_fd_sc_hd__a21o_1)
                                         _105_ (net)
                  0.41    0.01    3.66 ^ _417_/A (sky130_fd_sc_hd__nand3_2)
     3    0.05    0.32    0.36    4.02 v _417_/Y (sky130_fd_sc_hd__nand3_2)
                                         _108_ (net)
                  0.32    0.00    4.02 v _419_/B (sky130_fd_sc_hd__and3_4)
     3    0.03    0.07    0.35    4.37 v _419_/X (sky130_fd_sc_hd__and3_4)
                                         _110_ (net)
                  0.07    0.01    4.38 v _422_/A1 (sky130_fd_sc_hd__o211ai_2)
     2    0.03    0.38    0.38    4.75 ^ _422_/Y (sky130_fd_sc_hd__o211ai_2)
                                         _113_ (net)
                  0.38    0.00    4.76 ^ _423_/C (sky130_fd_sc_hd__and3b_1)
     2    0.03    0.31    0.43    5.19 ^ _423_/X (sky130_fd_sc_hd__and3b_1)
                                         _114_ (net)
                  0.31    0.00    5.19 ^ _425_/A_N (sky130_fd_sc_hd__and2b_1)
     2    0.02    0.11    0.31    5.50 v _425_/X (sky130_fd_sc_hd__and2b_1)
                                         _116_ (net)
                  0.11    0.00    5.50 v _427_/A2 (sky130_fd_sc_hd__o21a_1)
     1    0.03    0.13    0.30    5.80 v _427_/X (sky130_fd_sc_hd__o21a_1)
                                         _118_ (net)
                  0.13    0.00    5.80 v _432_/A1 (sky130_fd_sc_hd__a21oi_2)
     1    0.02    0.25    0.29    6.10 ^ _432_/Y (sky130_fd_sc_hd__a21oi_2)
                                         _123_ (net)
                  0.25    0.00    6.10 ^ _433_/B1 (sky130_fd_sc_hd__o21ai_2)
     1    0.02    0.12    0.16    6.26 v _433_/Y (sky130_fd_sc_hd__o21ai_2)
                                         net26 (net)
                  0.12    0.00    6.26 v output26/A (sky130_fd_sc_hd__buf_4)
     1    0.03    0.06    0.21    6.47 v output26/X (sky130_fd_sc_hd__buf_4)
                                         out[6] (net)
                  0.06    0.00    6.48 v out[6] (out)
                                  6.48   data arrival time

                  0.00   10.00   10.00   clock __VIRTUAL_CLK__ (rise edge)
                          0.00   10.00   clock network delay (ideal)
                         -0.25    9.75   clock uncertainty
                          0.00    9.75   clock reconvergence pessimism
                         -2.00    7.75   output external delay
                                  7.75   data required time
-----------------------------------------------------------------------------
                                  7.75   data required time
                                 -6.48   data arrival time
-----------------------------------------------------------------------------
                                  1.27   slack (MET)


Startpoint: A[4] (input port clocked by __VIRTUAL_CLK__)
Endpoint: out[5] (output port clocked by __VIRTUAL_CLK__)
Path Group: __VIRTUAL_CLK__
Path Type: max
Corner: Typical

Fanout     Cap    Slew   Delay    Time   Description
-----------------------------------------------------------------------------
                  0.00    0.00    0.00   clock __VIRTUAL_CLK__ (rise edge)
                          0.00    0.00   clock network delay (ideal)
                          2.00    2.00 ^ input external delay
     1    0.00    0.02    0.01    2.01 ^ A[4] (in)
                                         A[4] (net)
                  0.02    0.00    2.01 ^ input5/A (sky130_fd_sc_hd__buf_4)
     5    0.08    0.22    0.23    2.25 ^ input5/X (sky130_fd_sc_hd__buf_4)
                                         net5 (net)
                  0.22    0.02    2.26 ^ _322_/A (sky130_fd_sc_hd__buf_12)
     5    0.07    0.10    0.19    2.46 ^ _322_/X (sky130_fd_sc_hd__buf_12)
                                         _015_ (net)
                  0.10    0.01    2.47 ^ _335_/A (sky130_fd_sc_hd__nand4_4)
     3    0.06    0.28    0.24    2.71 v _335_/Y (sky130_fd_sc_hd__nand4_4)
                                         _028_ (net)
                  0.28    0.00    2.71 v _337_/A1 (sky130_fd_sc_hd__a21o_1)
     2    0.02    0.11    0.33    3.05 v _337_/X (sky130_fd_sc_hd__a21o_1)
                                         _030_ (net)
                  0.11    0.00    3.05 v _340_/B (sky130_fd_sc_hd__and3_1)
     2    0.03    0.15    0.31    3.36 v _340_/X (sky130_fd_sc_hd__and3_1)
                                         _033_ (net)
                  0.15    0.00    3.36 v _342_/A (sky130_fd_sc_hd__nor2_2)
     1    0.04    0.39    0.39    3.76 ^ _342_/Y (sky130_fd_sc_hd__nor2_2)
                                         _035_ (net)
                  0.39    0.01    3.76 ^ _343_/B (sky130_fd_sc_hd__xnor2_2)
     2    0.03    0.17    0.23    3.99 v _343_/Y (sky130_fd_sc_hd__xnor2_2)
                                         _036_ (net)
                  0.17    0.01    3.99 v _345_/C (sky130_fd_sc_hd__nor3_2)
     1    0.03    0.57    0.50    4.49 ^ _345_/Y (sky130_fd_sc_hd__nor3_2)
                                         _038_ (net)
                  0.57    0.00    4.50 ^ _346_/B (sky130_fd_sc_hd__nor2_2)
     3    0.04    0.18    0.22    4.72 v _346_/Y (sky130_fd_sc_hd__nor2_2)
                                         _039_ (net)
                  0.18    0.00    4.72 v _378_/D (sky130_fd_sc_hd__and4b_2)
     3    0.02    0.08    0.37    5.09 v _378_/X (sky130_fd_sc_hd__and4b_2)
                                         _070_ (net)
                  0.08    0.00    5.09 v _379_/B (sky130_fd_sc_hd__or3b_2)
     1    0.03    0.16    0.60    5.70 v _379_/X (sky130_fd_sc_hd__or3b_2)
                                         _071_ (net)
                  0.16    0.00    5.70 v _391_/B1 (sky130_fd_sc_hd__o211ai_2)
     1    0.03    0.39    0.23    5.92 ^ _391_/Y (sky130_fd_sc_hd__o211ai_2)
                                         net25 (net)
                  0.39    0.00    5.93 ^ output25/A (sky130_fd_sc_hd__buf_4)
     1    0.03    0.11    0.26    6.18 ^ output25/X (sky130_fd_sc_hd__buf_4)
                                         out[5] (net)
                  0.11    0.00    6.19 ^ out[5] (out)
                                  6.19   data arrival time

                  0.00   10.00   10.00   clock __VIRTUAL_CLK__ (rise edge)
                          0.00   10.00   clock network delay (ideal)
                         -0.25    9.75   clock uncertainty
                          0.00    9.75   clock reconvergence pessimism
                         -2.00    7.75   output external delay
                                  7.75   data required time
-----------------------------------------------------------------------------
                                  7.75   data required time
                                 -6.19   data arrival time
-----------------------------------------------------------------------------
                                  1.56   slack (MET)


Startpoint: A[3] (input port clocked by __VIRTUAL_CLK__)
Endpoint: out[4] (output port clocked by __VIRTUAL_CLK__)
Path Group: __VIRTUAL_CLK__
Path Type: max
Corner: Typical

Fanout     Cap    Slew   Delay    Time   Description
-----------------------------------------------------------------------------
                  0.00    0.00    0.00   clock __VIRTUAL_CLK__ (rise edge)
                          0.00    0.00   clock network delay (ideal)
                          2.00    2.00 ^ input external delay
     1    0.00    0.02    0.01    2.01 ^ A[3] (in)
                                         A[3] (net)
                  0.02    0.00    2.01 ^ input4/A (sky130_fd_sc_hd__clkbuf_4)
     6    0.07    0.22    0.26    2.28 ^ input4/X (sky130_fd_sc_hd__clkbuf_4)
                                         net4 (net)
                  0.22    0.01    2.29 ^ _296_/A (sky130_fd_sc_hd__buf_6)
    10    0.08    0.17    0.24    2.53 ^ _296_/X (sky130_fd_sc_hd__buf_6)
                                         _224_ (net)
                  0.17    0.01    2.54 ^ _297_/B1 (sky130_fd_sc_hd__a22oi_4)
     2    0.05    0.13    0.15    2.69 v _297_/Y (sky130_fd_sc_hd__a22oi_4)
                                         _225_ (net)
                  0.13    0.00    2.69 v _298_/B (sky130_fd_sc_hd__nor2_2)
     1    0.05    0.55    0.48    3.18 ^ _298_/Y (sky130_fd_sc_hd__nor2_2)
                                         _226_ (net)
                  0.55    0.01    3.18 ^ _299_/A (sky130_fd_sc_hd__xnor2_2)
     2    0.03    0.20    0.27    3.45 v _299_/Y (sky130_fd_sc_hd__xnor2_2)
                                         _227_ (net)
                  0.20    0.00    3.46 v _301_/B (sky130_fd_sc_hd__xnor2_2)
     2    0.02    0.24    0.29    3.75 ^ _301_/Y (sky130_fd_sc_hd__xnor2_2)
                                         _229_ (net)
                  0.24    0.00    3.75 ^ rebuffer10/A (sky130_fd_sc_hd__clkbuf_2)
     1    0.02    0.10    0.22    3.97 ^ rebuffer10/X (sky130_fd_sc_hd__clkbuf_2)
                                         net38 (net)
                  0.10    0.00    3.97 ^ _303_/B1 (sky130_fd_sc_hd__a21oi_1)
     1    0.01    0.12    0.09    4.06 v _303_/Y (sky130_fd_sc_hd__a21oi_1)
                                         _231_ (net)
                  0.12    0.00    4.06 v _304_/A (sky130_fd_sc_hd__nor2_2)
     3    0.04    0.47    0.43    4.50 ^ _304_/Y (sky130_fd_sc_hd__nor2_2)
                                         _232_ (net)
                  0.47    0.01    4.50 ^ _306_/A (sky130_fd_sc_hd__nand2_2)
     3    0.04    0.22    0.28    4.78 v _306_/Y (sky130_fd_sc_hd__nand2_2)
                                         _000_ (net)
                  0.22    0.01    4.79 v _347_/A (sky130_fd_sc_hd__xnor2_1)
     1    0.02    0.17    0.29    5.08 v _347_/Y (sky130_fd_sc_hd__xnor2_1)
                                         _040_ (net)
                  0.17    0.00    5.08 v _352_/A2 (sky130_fd_sc_hd__a211o_1)
     1    0.01    0.08    0.38    5.47 v _352_/X (sky130_fd_sc_hd__a211o_1)
                                         _045_ (net)
                  0.08    0.00    5.47 v _353_/B1 (sky130_fd_sc_hd__a31o_1)
     1    0.01    0.06    0.23    5.70 v _353_/X (sky130_fd_sc_hd__a31o_1)
                                         net24 (net)
                  0.06    0.00    5.70 v output24/A (sky130_fd_sc_hd__buf_2)
     1    0.03    0.09    0.20    5.90 v output24/X (sky130_fd_sc_hd__buf_2)
                                         out[4] (net)
                  0.09    0.00    5.90 v out[4] (out)
                                  5.90   data arrival time

                  0.00   10.00   10.00   clock __VIRTUAL_CLK__ (rise edge)
                          0.00   10.00   clock network delay (ideal)
                         -0.25    9.75   clock uncertainty
                          0.00    9.75   clock reconvergence pessimism
                         -2.00    7.75   output external delay
                                  7.75   data required time
-----------------------------------------------------------------------------
                                  7.75   data required time
                                 -5.90   data arrival time
-----------------------------------------------------------------------------
                                  1.85   slack (MET)


Startpoint: A[3] (input port clocked by __VIRTUAL_CLK__)
Endpoint: out[3] (output port clocked by __VIRTUAL_CLK__)
Path Group: __VIRTUAL_CLK__
Path Type: max
Corner: Typical

Fanout     Cap    Slew   Delay    Time   Description
-----------------------------------------------------------------------------
                  0.00    0.00    0.00   clock __VIRTUAL_CLK__ (rise edge)
                          0.00    0.00   clock network delay (ideal)
                          2.00    2.00 ^ input external delay
     1    0.00    0.02    0.01    2.01 ^ A[3] (in)
                                         A[3] (net)
                  0.02    0.00    2.01 ^ input4/A (sky130_fd_sc_hd__clkbuf_4)
     6    0.07    0.22    0.26    2.28 ^ input4/X (sky130_fd_sc_hd__clkbuf_4)
                                         net4 (net)
                  0.22    0.01    2.29 ^ _296_/A (sky130_fd_sc_hd__buf_6)
    10    0.08    0.17    0.24    2.53 ^ _296_/X (sky130_fd_sc_hd__buf_6)
                                         _224_ (net)
                  0.17    0.01    2.54 ^ _297_/B1 (sky130_fd_sc_hd__a22oi_4)
     2    0.05    0.13    0.15    2.69 v _297_/Y (sky130_fd_sc_hd__a22oi_4)
                                         _225_ (net)
                  0.13    0.00    2.69 v _298_/B (sky130_fd_sc_hd__nor2_2)
     1    0.05    0.55    0.48    3.18 ^ _298_/Y (sky130_fd_sc_hd__nor2_2)
                                         _226_ (net)
                  0.55    0.01    3.18 ^ _299_/A (sky130_fd_sc_hd__xnor2_2)
     2    0.03    0.20    0.27    3.45 v _299_/Y (sky130_fd_sc_hd__xnor2_2)
                                         _227_ (net)
                  0.20    0.00    3.46 v _301_/B (sky130_fd_sc_hd__xnor2_2)
     2    0.02    0.24    0.29    3.75 ^ _301_/Y (sky130_fd_sc_hd__xnor2_2)
                                         _229_ (net)
                  0.24    0.00    3.75 ^ rebuffer10/A (sky130_fd_sc_hd__clkbuf_2)
     1    0.02    0.10    0.22    3.97 ^ rebuffer10/X (sky130_fd_sc_hd__clkbuf_2)
                                         net38 (net)
                  0.10    0.00    3.97 ^ _303_/B1 (sky130_fd_sc_hd__a21oi_1)
     1    0.01    0.12    0.09    4.06 v _303_/Y (sky130_fd_sc_hd__a21oi_1)
                                         _231_ (net)
                  0.12    0.00    4.06 v _304_/A (sky130_fd_sc_hd__nor2_2)
     3    0.04    0.47    0.43    4.50 ^ _304_/Y (sky130_fd_sc_hd__nor2_2)
                                         _232_ (net)
                  0.47    0.01    4.50 ^ _306_/A (sky130_fd_sc_hd__nand2_2)
     3    0.04    0.22    0.28    4.78 v _306_/Y (sky130_fd_sc_hd__nand2_2)
                                         _000_ (net)
                  0.22    0.01    4.79 v _321_/A3 (sky130_fd_sc_hd__a31o_1)
     1    0.01    0.09    0.35    5.14 v _321_/X (sky130_fd_sc_hd__a31o_1)
                                         net23 (net)
                  0.09    0.00    5.14 v output23/A (sky130_fd_sc_hd__buf_2)
     1    0.03    0.09    0.21    5.35 v output23/X (sky130_fd_sc_hd__buf_2)
                                         out[3] (net)
                  0.09    0.00    5.35 v out[3] (out)
                                  5.35   data arrival time

                  0.00   10.00   10.00   clock __VIRTUAL_CLK__ (rise edge)
                          0.00   10.00   clock network delay (ideal)
                         -0.25    9.75   clock uncertainty
                          0.00    9.75   clock reconvergence pessimism
                         -2.00    7.75   output external delay
                                  7.75   data required time
-----------------------------------------------------------------------------
                                  7.75   data required time
                                 -5.35   data arrival time
-----------------------------------------------------------------------------
                                  2.40   slack (MET)


Startpoint: opcode[2] (input port clocked by __VIRTUAL_CLK__)
Endpoint: out[2] (output port clocked by __VIRTUAL_CLK__)
Path Group: __VIRTUAL_CLK__
Path Type: max
Corner: Typical

Fanout     Cap    Slew   Delay    Time   Description
-----------------------------------------------------------------------------
                  0.00    0.00    0.00   clock __VIRTUAL_CLK__ (rise edge)
                          0.00    0.00   clock network delay (ideal)
                          2.00    2.00 v input external delay
     1    0.00    0.01    0.01    2.01 v opcode[2] (in)
                                         opcode[2] (net)
                  0.01    0.00    2.01 v input19/A (sky130_fd_sc_hd__clkbuf_4)
     9    0.07    0.15    0.23    2.23 v input19/X (sky130_fd_sc_hd__clkbuf_4)
                                         net19 (net)
                  0.15    0.02    2.25 v _246_/A (sky130_fd_sc_hd__or3b_4)
     1    0.02    0.10    0.50    2.75 v _246_/X (sky130_fd_sc_hd__or3b_4)
                                         _176_ (net)
                  0.10    0.00    2.75 v _247_/A (sky130_fd_sc_hd__buf_6)
     8    0.06    0.06    0.18    2.93 v _247_/X (sky130_fd_sc_hd__buf_6)
                                         _177_ (net)
                  0.06    0.00    2.94 v _249_/A2 (sky130_fd_sc_hd__a21oi_1)
     2    0.02    0.51    0.46    3.40 ^ _249_/Y (sky130_fd_sc_hd__a21oi_1)
                                         _179_ (net)
                  0.51    0.00    3.40 ^ _252_/A2 (sky130_fd_sc_hd__o21a_1)
     3    0.02    0.24    0.33    3.73 ^ _252_/X (sky130_fd_sc_hd__o21a_1)
                                         _182_ (net)
                  0.24    0.00    3.73 ^ _284_/B1_N (sky130_fd_sc_hd__o21bai_4)
     2    0.03    0.26    0.24    3.97 ^ _284_/Y (sky130_fd_sc_hd__o21bai_4)
                                         _213_ (net)
                  0.26    0.00    3.97 ^ _286_/A2 (sky130_fd_sc_hd__o21ai_1)
     1    0.01    0.22    0.18    4.15 v _286_/Y (sky130_fd_sc_hd__o21ai_1)
                                         _215_ (net)
                  0.22    0.00    4.15 v _291_/A2 (sky130_fd_sc_hd__o211a_1)
     1    0.02    0.10    0.36    4.51 v _291_/X (sky130_fd_sc_hd__o211a_1)
                                         _220_ (net)
                  0.10    0.00    4.51 v _292_/B1 (sky130_fd_sc_hd__o21ai_1)
     1    0.02    0.36    0.24    4.75 ^ _292_/Y (sky130_fd_sc_hd__o21ai_1)
                                         net22 (net)
                  0.36    0.00    4.76 ^ output22/A (sky130_fd_sc_hd__buf_2)
     1    0.03    0.17    0.30    5.05 ^ output22/X (sky130_fd_sc_hd__buf_2)
                                         out[2] (net)
                  0.17    0.00    5.05 ^ out[2] (out)
                                  5.05   data arrival time

                  0.00   10.00   10.00   clock __VIRTUAL_CLK__ (rise edge)
                          0.00   10.00   clock network delay (ideal)
                         -0.25    9.75   clock uncertainty
                          0.00    9.75   clock reconvergence pessimism
                         -2.00    7.75   output external delay
                                  7.75   data required time
-----------------------------------------------------------------------------
                                  7.75   data required time
                                 -5.05   data arrival time
-----------------------------------------------------------------------------
                                  2.70   slack (MET)


Startpoint: A[1] (input port clocked by __VIRTUAL_CLK__)
Endpoint: out[1] (output port clocked by __VIRTUAL_CLK__)
Path Group: __VIRTUAL_CLK__
Path Type: max
Corner: Typical

Fanout     Cap    Slew   Delay    Time   Description
-----------------------------------------------------------------------------
                  0.00    0.00    0.00   clock __VIRTUAL_CLK__ (rise edge)
                          0.00    0.00   clock network delay (ideal)
                          2.00    2.00 ^ input external delay
     1    0.00    0.02    0.01    2.01 ^ A[1] (in)
                                         A[1] (net)
                  0.02    0.00    2.01 ^ input2/A (sky130_fd_sc_hd__clkbuf_4)
     7    0.08    0.25    0.28    2.30 ^ input2/X (sky130_fd_sc_hd__clkbuf_4)
                                         net2 (net)
                  0.25    0.01    2.30 ^ _251_/A (sky130_fd_sc_hd__clkbuf_4)
    10    0.09    0.27    0.38    2.68 ^ _251_/X (sky130_fd_sc_hd__clkbuf_4)
                                         _181_ (net)
                  0.27    0.01    2.69 ^ _258_/A (sky130_fd_sc_hd__and2_2)
     4    0.06    0.30    0.41    3.10 ^ _258_/X (sky130_fd_sc_hd__and2_2)
                                         _188_ (net)
                  0.30    0.01    3.10 ^ _265_/C (sky130_fd_sc_hd__and3_1)
     3    0.04    0.36    0.45    3.55 ^ _265_/X (sky130_fd_sc_hd__and3_1)
                                         _195_ (net)
                  0.36    0.00    3.56 ^ _268_/A_N (sky130_fd_sc_hd__and3b_1)
     1    0.01    0.05    0.25    3.81 v _268_/X (sky130_fd_sc_hd__and3b_1)
                                         _198_ (net)
                  0.05    0.00    3.81 v _269_/C (sky130_fd_sc_hd__or3_1)
     1    0.02    0.15    0.43    4.24 v _269_/X (sky130_fd_sc_hd__or3_1)
                                         _199_ (net)
                  0.15    0.00    4.24 v _270_/B1 (sky130_fd_sc_hd__a31o_1)
     2    0.03    0.16    0.35    4.60 v _270_/X (sky130_fd_sc_hd__a31o_1)
                                         net21 (net)
                  0.16    0.00    4.60 v output21/A (sky130_fd_sc_hd__buf_2)
     1    0.03    0.09    0.24    4.84 v output21/X (sky130_fd_sc_hd__buf_2)
                                         out[1] (net)
                  0.09    0.00    4.84 v out[1] (out)
                                  4.84   data arrival time

                  0.00   10.00   10.00   clock __VIRTUAL_CLK__ (rise edge)
                          0.00   10.00   clock network delay (ideal)
                         -0.25    9.75   clock uncertainty
                          0.00    9.75   clock reconvergence pessimism
                         -2.00    7.75   output external delay
                                  7.75   data required time
-----------------------------------------------------------------------------
                                  7.75   data required time
                                 -4.84   data arrival time
-----------------------------------------------------------------------------
                                  2.91   slack (MET)


Startpoint: opcode[2] (input port clocked by __VIRTUAL_CLK__)
Endpoint: out[0] (output port clocked by __VIRTUAL_CLK__)
Path Group: __VIRTUAL_CLK__
Path Type: max
Corner: Typical

Fanout     Cap    Slew   Delay    Time   Description
-----------------------------------------------------------------------------
                  0.00    0.00    0.00   clock __VIRTUAL_CLK__ (rise edge)
                          0.00    0.00   clock network delay (ideal)
                          2.00    2.00 v input external delay
     1    0.00    0.01    0.01    2.01 v opcode[2] (in)
                                         opcode[2] (net)
                  0.01    0.00    2.01 v input19/A (sky130_fd_sc_hd__clkbuf_4)
     9    0.07    0.15    0.23    2.23 v input19/X (sky130_fd_sc_hd__clkbuf_4)
                                         net19 (net)
                  0.15    0.02    2.25 v _237_/A_N (sky130_fd_sc_hd__and3b_1)
     1    0.04    0.39    0.52    2.77 ^ _237_/X (sky130_fd_sc_hd__and3b_1)
                                         _168_ (net)
                  0.39    0.01    2.77 ^ _238_/A (sky130_fd_sc_hd__clkbuf_4)
     8    0.09    0.26    0.40    3.17 ^ _238_/X (sky130_fd_sc_hd__clkbuf_4)
                                         _169_ (net)
                  0.26    0.02    3.20 ^ _240_/B1 (sky130_fd_sc_hd__o22a_1)
     1    0.01    0.12    0.26    3.45 ^ _240_/X (sky130_fd_sc_hd__o22a_1)
                                         _171_ (net)
                  0.12    0.00    3.46 ^ _244_/A (sky130_fd_sc_hd__or3_1)
     1    0.01    0.12    0.19    3.65 ^ _244_/X (sky130_fd_sc_hd__or3_1)
                                         _175_ (net)
                  0.12    0.00    3.65 ^ _245_/A (sky130_fd_sc_hd__buf_1)
     1    0.03    0.39    0.36    4.01 ^ _245_/X (sky130_fd_sc_hd__buf_1)
                                         net20 (net)
                  0.39    0.00    4.02 ^ output20/A (sky130_fd_sc_hd__buf_2)
     1    0.03    0.17    0.30    4.32 ^ output20/X (sky130_fd_sc_hd__buf_2)
                                         out[0] (net)
                  0.17    0.00    4.32 ^ out[0] (out)
                                  4.32   data arrival time

                  0.00   10.00   10.00   clock __VIRTUAL_CLK__ (rise edge)
                          0.00   10.00   clock network delay (ideal)
                         -0.25    9.75   clock uncertainty
                          0.00    9.75   clock reconvergence pessimism
                         -2.00    7.75   output external delay
                                  7.75   data required time
-----------------------------------------------------------------------------
                                  7.75   data required time
                                 -4.32   data arrival time
-----------------------------------------------------------------------------
                                  3.43   slack (MET)



worst slack corner Typical: 1.2066
