
===========================================================================
report_checks -unconstrained
===========================================================================
======================= Typical Corner ===================================

Startpoint: A[4] (input port clocked by __VIRTUAL_CLK__)
Endpoint: out[7] (output port clocked by __VIRTUAL_CLK__)
Path Group: __VIRTUAL_CLK__
Path Type: max

Fanout     Cap    Slew   Delay    Time   Description
-----------------------------------------------------------------------------
                  0.00    0.00    0.00   clock __VIRTUAL_CLK__ (rise edge)
                          0.00    0.00   clock network delay (ideal)
                          2.00    2.00 v input external delay
     1    0.00    0.01    0.01    2.01 v A[4] (in)
                                         A[4] (net)
                  0.01    0.00    2.01 v input5/A (sky130_fd_sc_hd__buf_4)
     5    0.04    0.07    0.17    2.17 v input5/X (sky130_fd_sc_hd__buf_4)
                                         net5 (net)
                  0.07    0.00    2.17 v _361_/A2 (sky130_fd_sc_hd__a22o_4)
     3    0.01    0.05    0.29    2.47 v _361_/X (sky130_fd_sc_hd__a22o_4)
                                         _053_ (net)
                  0.05    0.00    2.47 v _363_/A2 (sky130_fd_sc_hd__a21o_4)
     2    0.02    0.05    0.24    2.71 v _363_/X (sky130_fd_sc_hd__a21o_4)
                                         _055_ (net)
                  0.05    0.00    2.71 v _367_/A2 (sky130_fd_sc_hd__a21o_4)
     3    0.02    0.05    0.25    2.95 v _367_/X (sky130_fd_sc_hd__a21o_4)
                                         _059_ (net)
                  0.05    0.00    2.95 v _416_/A2 (sky130_fd_sc_hd__a21bo_4)
     2    0.01    0.04    0.23    3.18 v _416_/X (sky130_fd_sc_hd__a21bo_4)
                                         _107_ (net)
                  0.04    0.00    3.18 v _418_/B1 (sky130_fd_sc_hd__a21o_1)
     2    0.02    0.08    0.21    3.39 v _418_/X (sky130_fd_sc_hd__a21o_1)
                                         _109_ (net)
                  0.08    0.00    3.39 v _419_/A (sky130_fd_sc_hd__and3_4)
     3    0.01    0.04    0.18    3.57 v _419_/X (sky130_fd_sc_hd__and3_4)
                                         _110_ (net)
                  0.04    0.00    3.57 v _421_/C1 (sky130_fd_sc_hd__a211o_4)
     3    0.01    0.07    0.30    3.87 v _421_/X (sky130_fd_sc_hd__a211o_4)
                                         _112_ (net)
                  0.07    0.00    3.87 v _424_/A2 (sky130_fd_sc_hd__a21bo_4)
     2    0.01    0.04    0.24    4.11 v _424_/X (sky130_fd_sc_hd__a21bo_4)
                                         _115_ (net)
                  0.04    0.00    4.11 v _441_/A2 (sky130_fd_sc_hd__a21o_1)
     2    0.01    0.06    0.21    4.32 v _441_/X (sky130_fd_sc_hd__a21o_1)
                                         _131_ (net)
                  0.06    0.00    4.32 v _470_/A2 (sky130_fd_sc_hd__o21a_1)
     1    0.00    0.03    0.17    4.49 v _470_/X (sky130_fd_sc_hd__o21a_1)
                                         _160_ (net)
                  0.03    0.00    4.49 v _474_/A2 (sky130_fd_sc_hd__a21o_1)
     1    0.00    0.03    0.17    4.66 v _474_/X (sky130_fd_sc_hd__a21o_1)
                                         _164_ (net)
                  0.03    0.00    4.66 v _475_/B1 (sky130_fd_sc_hd__a21o_1)
     1    0.01    0.06    0.18    4.84 v _475_/X (sky130_fd_sc_hd__a21o_1)
                                         net27 (net)
                  0.06    0.00    4.84 v output27/A (sky130_fd_sc_hd__buf_6)
     1    0.04    0.05    0.15    5.00 v output27/X (sky130_fd_sc_hd__buf_6)
                                         out[7] (net)
                  0.05    0.00    5.00 v out[7] (out)
                                  5.00   data arrival time

                  0.00   10.00   10.00   clock __VIRTUAL_CLK__ (rise edge)
                          0.00   10.00   clock network delay (ideal)
                         -0.25    9.75   clock uncertainty
                          0.00    9.75   clock reconvergence pessimism
                         -2.00    7.75   output external delay
                                  7.75   data required time
-----------------------------------------------------------------------------
                                  7.75   data required time
                                 -5.00   data arrival time
-----------------------------------------------------------------------------
                                  2.75   slack (MET)




===========================================================================
report_checks --slack_max -0.01
============================================================================
======================= Typical Corner ===================================

No paths found.


===========================================================================
 report_check_types -max_slew -max_cap -max_fanout -violators
============================================================================
======================= Typical Corner ===================================


max slew violations count Typical: 0
max fanout violations count Typical: 0
max cap violations count Typical: 0

===========================================================================
report_parasitic_annotation -report_unannotated
============================================================================
Found 1 unannotated drivers.
 rebuffer8/X
Found 202 partially unannotated drivers.
 A[3]
 A[5]
 A[6]
 A[7]
 B[3]
 _234_/X
 _235_/X
 _236_/X
 _237_/X
 _238_/X
 _239_/Y
 _240_/X
 _242_/Y
 _243_/Y
 _245_/X
 _246_/X
 _248_/X
 _250_/X
 _254_/X
 _255_/X
 _256_/Y
 _257_/Y
 _258_/X
 _260_/X
 _261_/Y
 _262_/X
 _263_/Y
 _265_/X
 _266_/X
 _267_/X
 _270_/X
 _272_/X
 _273_/X
 _274_/X
 _275_/X
 _277_/X
 _278_/Y
 _279_/X
 _280_/Y
 _281_/X
 _282_/Y
 _283_/X
 _284_/Y
 _285_/X
 _287_/X
 _289_/Y
 _290_/X
 _293_/X
 _295_/X
 _296_/X
 _297_/Y
 _298_/Y
 _299_/Y
 _300_/Y
 _301_/Y
 _303_/Y
 _304_/Y
 _306_/Y
 _308_/X
 _309_/Y
 _311_/X
 _312_/Y
 _313_/Y
 _314_/X
 _319_/X
 _320_/Y
 _322_/X
 _323_/X
 _325_/Y
 _326_/Y
 _327_/X
 _328_/X
 _329_/X
 _330_/Y
 _331_/X
 _332_/X
 _334_/X
 _335_/Y
 _336_/X
 _337_/X
 _338_/Y
 _340_/X
 _341_/Y
 _343_/Y
 _344_/X
 _345_/Y
 _346_/Y
 _348_/Y
 _349_/X
 _351_/X
 _353_/X
 _354_/X
 _355_/Y
 _356_/X
 _358_/Y
 _359_/Y
 _360_/Y
 _361_/X
 _362_/X
 _363_/X
 _364_/Y
 _365_/X
 _367_/X
 _368_/Y
 _369_/X
 _370_/Y
 _371_/Y
 _372_/X
 _374_/Y
 _375_/Y
 _376_/X
 _379_/X
 _381_/X
 _382_/Y
 _383_/Y
 _384_/X
 _388_/X
 _390_/Y
 _391_/Y
 _392_/X
 _394_/Y
 _395_/X
 _396_/Y
 _397_/Y
 _398_/X
 _399_/X
 _400_/Y
 _403_/X
 _404_/X
 _406_/X
 _407_/Y
 _411_/X
 _412_/Y
 _413_/Y
 _414_/X
 _415_/Y
 _416_/X
 _417_/Y
 _419_/X
 _420_/Y
 _421_/X
 _422_/Y
 _423_/X
 _424_/X
 _425_/X
 _426_/Y
 _427_/X
 _428_/Y
 _429_/Y
 _432_/Y
 _433_/Y
 _434_/X
 _435_/Y
 _436_/X
 _437_/Y
 _438_/X
 _441_/X
 _442_/X
 _443_/Y
 _448_/Y
 _449_/X
 _450_/Y
 _455_/X
 _459_/Y
 _460_/Y
 _461_/X
 _463_/Y
 _465_/Y
 _466_/X
 _467_/Y
 _468_/Y
 _469_/Y
 _470_/X
 _471_/Y
 _473_/X
 _474_/X
 clone11/X
 clone8/X
 clone9/X
 input1/X
 input10/X
 input11/X
 input12/X
 input13/X
 input14/X
 input15/X
 input16/X
 input17/X
 input18/X
 input19/X
 input2/X
 input3/X
 input5/X
 input7/X
 input8/X
 input9/X
 max_cap28/X
 output22/X
 rebuffer1/X
 rebuffer2/X
 rebuffer3/X
 rebuffer7/X

===========================================================================
max slew violation count 0
max fanout violation count 0
max cap violation count 0
============================================================================

===========================================================================
check_setup -verbose -unconstrained_endpoints -multiple_clock -no_clock -no_input_delay -loops -generated_clocks
===========================================================================
